ERROR - 2024-05-05 11:48:29 --> mysqli_sql_exception: Table 'games4all.usuarios' doesn't exist in C:\Users\jose1\proyecto_amigo\ci4-g4a\system\Database\MySQLi\Connection.php:308
Stack trace:
#0 C:\Users\jose1\proyecto_amigo\ci4-g4a\system\Database\MySQLi\Connection.php(308): mysqli->query('SELECT * FROM u...', 0)
#1 C:\Users\jose1\proyecto_amigo\ci4-g4a\system\Database\BaseConnection.php(722): CodeIgniter\Database\MySQLi\Connection->execute('SELECT * FROM u...')
#2 C:\Users\jose1\proyecto_amigo\ci4-g4a\system\Database\BaseConnection.php(636): CodeIgniter\Database\BaseConnection->simpleQuery('SELECT * FROM u...')
#3 C:\Users\jose1\proyecto_amigo\ci4-g4a\app\Controllers\DatabaseTest.php(12): CodeIgniter\Database\BaseConnection->query('SELECT * FROM u...')
#4 C:\Users\jose1\proyecto_amigo\ci4-g4a\system\CodeIgniter.php(933): App\Controllers\DatabaseTest->index()
#5 C:\Users\jose1\proyecto_amigo\ci4-g4a\system\CodeIgniter.php(509): CodeIgniter\CodeIgniter->runController(Object(App\Controllers\DatabaseTest))
#6 C:\Users\jose1\proyecto_amigo\ci4-g4a\system\CodeIgniter.php(355): CodeIgniter\CodeIgniter->handleRequest(NULL, Object(Config\Cache), false)
#7 C:\Users\jose1\proyecto_amigo\ci4-g4a\system\Boot.php(312): CodeIgniter\CodeIgniter->run()
#8 C:\Users\jose1\proyecto_amigo\ci4-g4a\system\Boot.php(67): CodeIgniter\Boot::runCodeIgniter(Object(CodeIgniter\CodeIgniter))
#9 C:\Users\jose1\proyecto_amigo\ci4-g4a\public\index.php(56): CodeIgniter\Boot::bootWeb(Object(Config\Paths))
#10 C:\Users\jose1\proyecto_amigo\ci4-g4a\system\Commands\Server\rewrite.php(49): require_once('C:\\Users\\jose1\\...')
#11 {main}
CRITICAL - 2024-05-05 11:48:29 --> CodeIgniter\Database\Exceptions\DatabaseException: Table 'games4all.usuarios' doesn't exist
[Method: GET, Route: database-test]
in SYSTEMPATH\Database\BaseConnection.php on line 676.
 1 APPPATH\Controllers\DatabaseTest.php(12): CodeIgniter\Database\BaseConnection->query('SELECT * FROM usuarios')
 2 SYSTEMPATH\CodeIgniter.php(933): App\Controllers\DatabaseTest->index()
 3 SYSTEMPATH\CodeIgniter.php(509): CodeIgniter\CodeIgniter->runController(Object(App\Controllers\DatabaseTest))
 4 SYSTEMPATH\CodeIgniter.php(355): CodeIgniter\CodeIgniter->handleRequest(null, Object(Config\Cache), false)
 5 SYSTEMPATH\Boot.php(312): CodeIgniter\CodeIgniter->run()
 6 SYSTEMPATH\Boot.php(67): CodeIgniter\Boot::runCodeIgniter(Object(CodeIgniter\CodeIgniter))
 7 FCPATH\index.php(56): CodeIgniter\Boot::bootWeb(Object(Config\Paths))
 8 SYSTEMPATH\Commands\Server\rewrite.php(49): require_once('C:\\Users\\jose1\\proyecto_amigo\\ci4-g4a\\public\\index.php')
CRITICAL - 2024-05-05 11:48:29 --> [Caused by] CodeIgniter\Database\Exceptions\DatabaseException: Table 'games4all.usuarios' doesn't exist
in SYSTEMPATH\Database\MySQLi\Connection.php on line 313.
 1 SYSTEMPATH\Database\BaseConnection.php(722): CodeIgniter\Database\MySQLi\Connection->execute('SELECT * FROM usuarios')
 2 SYSTEMPATH\Database\BaseConnection.php(636): CodeIgniter\Database\BaseConnection->simpleQuery('SELECT * FROM usuarios')
 3 APPPATH\Controllers\DatabaseTest.php(12): CodeIgniter\Database\BaseConnection->query('SELECT * FROM usuarios')
 4 SYSTEMPATH\CodeIgniter.php(933): App\Controllers\DatabaseTest->index()
 5 SYSTEMPATH\CodeIgniter.php(509): CodeIgniter\CodeIgniter->runController(Object(App\Controllers\DatabaseTest))
 6 SYSTEMPATH\CodeIgniter.php(355): CodeIgniter\CodeIgniter->handleRequest(null, Object(Config\Cache), false)
 7 SYSTEMPATH\Boot.php(312): CodeIgniter\CodeIgniter->run()
 8 SYSTEMPATH\Boot.php(67): CodeIgniter\Boot::runCodeIgniter(Object(CodeIgniter\CodeIgniter))
 9 FCPATH\index.php(56): CodeIgniter\Boot::bootWeb(Object(Config\Paths))
10 SYSTEMPATH\Commands\Server\rewrite.php(49): require_once('C:\\Users\\jose1\\proyecto_amigo\\ci4-g4a\\public\\index.php')
CRITICAL - 2024-05-05 11:48:29 --> [Caused by] mysqli_sql_exception: Table 'games4all.usuarios' doesn't exist
in SYSTEMPATH\Database\MySQLi\Connection.php on line 308.
 1 SYSTEMPATH\Database\MySQLi\Connection.php(308): mysqli->query('SELECT * FROM usuarios', 0)
 2 SYSTEMPATH\Database\BaseConnection.php(722): CodeIgniter\Database\MySQLi\Connection->execute('SELECT * FROM usuarios')
 3 SYSTEMPATH\Database\BaseConnection.php(636): CodeIgniter\Database\BaseConnection->simpleQuery('SELECT * FROM usuarios')
 4 APPPATH\Controllers\DatabaseTest.php(12): CodeIgniter\Database\BaseConnection->query('SELECT * FROM usuarios')
 5 SYSTEMPATH\CodeIgniter.php(933): App\Controllers\DatabaseTest->index()
 6 SYSTEMPATH\CodeIgniter.php(509): CodeIgniter\CodeIgniter->runController(Object(App\Controllers\DatabaseTest))
 7 SYSTEMPATH\CodeIgniter.php(355): CodeIgniter\CodeIgniter->handleRequest(null, Object(Config\Cache), false)
 8 SYSTEMPATH\Boot.php(312): CodeIgniter\CodeIgniter->run()
 9 SYSTEMPATH\Boot.php(67): CodeIgniter\Boot::runCodeIgniter(Object(CodeIgniter\CodeIgniter))
10 FCPATH\index.php(56): CodeIgniter\Boot::bootWeb(Object(Config\Paths))
11 SYSTEMPATH\Commands\Server\rewrite.php(49): require_once('C:\\Users\\jose1\\proyecto_amigo\\ci4-g4a\\public\\index.php')
CRITICAL - 2024-05-05 11:58:36 --> Error: Class "App\Controllers\BaseController" not found
[Method: GET, Route: menu]
in APPPATH\Controllers\MenuController.php on line 5.
 1 SYSTEMPATH\Autoloader\Autoloader.php(317): include_once()
 2 SYSTEMPATH\Autoloader\Autoloader.php(296): CodeIgniter\Autoloader\Autoloader->includeFile('C:\\Users\\jose1\\proyecto_amigo\\ci4-g4a\\app\\Controllers\\MenuController.php')
 3 SYSTEMPATH\Autoloader\Autoloader.php(272): CodeIgniter\Autoloader\Autoloader->loadInNamespace('App\\Controllers\\MenuController')
 4 [internal function]: CodeIgniter\Autoloader\Autoloader->loadClass('App\\Controllers\\MenuController')
 5 SYSTEMPATH\CodeIgniter.php(887): class_exists('\\App\\Controllers\\MenuController', true)
 6 SYSTEMPATH\CodeIgniter.php(496): CodeIgniter\CodeIgniter->startController()
 7 SYSTEMPATH\CodeIgniter.php(355): CodeIgniter\CodeIgniter->handleRequest(null, Object(Config\Cache), false)
 8 SYSTEMPATH\Boot.php(312): CodeIgniter\CodeIgniter->run()
 9 SYSTEMPATH\Boot.php(67): CodeIgniter\Boot::runCodeIgniter(Object(CodeIgniter\CodeIgniter))
10 FCPATH\index.php(56): CodeIgniter\Boot::bootWeb(Object(Config\Paths))
11 SYSTEMPATH\Commands\Server\rewrite.php(49): require_once('C:\\Users\\jose1\\proyecto_amigo\\ci4-g4a\\public\\index.php')
CRITICAL - 2024-05-05 11:59:03 --> Error: Class "App\Controllers\BaseController" not found
[Method: GET, Route: menu]
in APPPATH\Controllers\MenuController.php on line 5.
 1 SYSTEMPATH\Autoloader\Autoloader.php(317): include_once()
 2 SYSTEMPATH\Autoloader\Autoloader.php(296): CodeIgniter\Autoloader\Autoloader->includeFile('C:\\Users\\jose1\\proyecto_amigo\\ci4-g4a\\app\\Controllers\\MenuController.php')
 3 SYSTEMPATH\Autoloader\Autoloader.php(272): CodeIgniter\Autoloader\Autoloader->loadInNamespace('App\\Controllers\\MenuController')
 4 [internal function]: CodeIgniter\Autoloader\Autoloader->loadClass('App\\Controllers\\MenuController')
 5 SYSTEMPATH\CodeIgniter.php(887): class_exists('\\App\\Controllers\\MenuController', true)
 6 SYSTEMPATH\CodeIgniter.php(496): CodeIgniter\CodeIgniter->startController()
 7 SYSTEMPATH\CodeIgniter.php(355): CodeIgniter\CodeIgniter->handleRequest(null, Object(Config\Cache), false)
 8 SYSTEMPATH\Boot.php(312): CodeIgniter\CodeIgniter->run()
 9 SYSTEMPATH\Boot.php(67): CodeIgniter\Boot::runCodeIgniter(Object(CodeIgniter\CodeIgniter))
10 FCPATH\index.php(56): CodeIgniter\Boot::bootWeb(Object(Config\Paths))
11 SYSTEMPATH\Commands\Server\rewrite.php(49): require_once('C:\\Users\\jose1\\proyecto_amigo\\ci4-g4a\\public\\index.php')
CRITICAL - 2024-05-05 12:56:11 --> Error: Call to undefined function form_open()
[Method: GET, Route: gestionar_usuarios]
in APPPATH\Views\users\manage.php on line 14.
 1 SYSTEMPATH\View\View.php(234): include()
 2 SYSTEMPATH\View\View.php(237): CodeIgniter\View\View->CodeIgniter\View\{closure}()
 3 SYSTEMPATH\Common.php(1171): CodeIgniter\View\View->render('users/manage', [], true)
 4 APPPATH\Controllers\UserController.php(29): view('users/manage', [...])
 5 SYSTEMPATH\CodeIgniter.php(933): App\Controllers\UserController->manage()
 6 SYSTEMPATH\CodeIgniter.php(509): CodeIgniter\CodeIgniter->runController(Object(App\Controllers\UserController))
 7 SYSTEMPATH\CodeIgniter.php(355): CodeIgniter\CodeIgniter->handleRequest(null, Object(Config\Cache), false)
 8 SYSTEMPATH\Boot.php(312): CodeIgniter\CodeIgniter->run()
 9 SYSTEMPATH\Boot.php(67): CodeIgniter\Boot::runCodeIgniter(Object(CodeIgniter\CodeIgniter))
10 FCPATH\index.php(56): CodeIgniter\Boot::bootWeb(Object(Config\Paths))
11 SYSTEMPATH\Commands\Server\rewrite.php(49): require_once('C:\\Users\\jose1\\proyecto_amigo\\ci4-g4a\\public\\index.php')
CRITICAL - 2024-05-05 12:56:17 --> Error: Call to undefined function form_open()
[Method: GET, Route: gestionar_usuarios]
in APPPATH\Views\users\manage.php on line 14.
 1 SYSTEMPATH\View\View.php(234): include()
 2 SYSTEMPATH\View\View.php(237): CodeIgniter\View\View->CodeIgniter\View\{closure}()
 3 SYSTEMPATH\Common.php(1171): CodeIgniter\View\View->render('users/manage', [], true)
 4 APPPATH\Controllers\UserController.php(29): view('users/manage', [...])
 5 SYSTEMPATH\CodeIgniter.php(933): App\Controllers\UserController->manage()
 6 SYSTEMPATH\CodeIgniter.php(509): CodeIgniter\CodeIgniter->runController(Object(App\Controllers\UserController))
 7 SYSTEMPATH\CodeIgniter.php(355): CodeIgniter\CodeIgniter->handleRequest(null, Object(Config\Cache), false)
 8 SYSTEMPATH\Boot.php(312): CodeIgniter\CodeIgniter->run()
 9 SYSTEMPATH\Boot.php(67): CodeIgniter\Boot::runCodeIgniter(Object(CodeIgniter\CodeIgniter))
10 FCPATH\index.php(56): CodeIgniter\Boot::bootWeb(Object(Config\Paths))
11 SYSTEMPATH\Commands\Server\rewrite.php(49): require_once('C:\\Users\\jose1\\proyecto_amigo\\ci4-g4a\\public\\index.php')
CRITICAL - 2024-05-05 13:07:19 --> CodeIgniter\View\Exceptions\ViewException: Invalid file: "users/edit.php"
[Method: GET, Route: users/edit/1]
in SYSTEMPATH\Exceptions\FrameworkException.php on line 41.
 1 SYSTEMPATH\View\View.php(222): CodeIgniter\Exceptions\FrameworkException::forInvalidFile('users/edit.php')
 2 SYSTEMPATH\Common.php(1171): CodeIgniter\View\View->render('users/edit', [], true)
 3 APPPATH\Controllers\UserController.php(36): view('users/edit', [...])
 4 SYSTEMPATH\CodeIgniter.php(933): App\Controllers\UserController->edit('1')
 5 SYSTEMPATH\CodeIgniter.php(509): CodeIgniter\CodeIgniter->runController(Object(App\Controllers\UserController))
 6 SYSTEMPATH\CodeIgniter.php(355): CodeIgniter\CodeIgniter->handleRequest(null, Object(Config\Cache), false)
 7 SYSTEMPATH\Boot.php(312): CodeIgniter\CodeIgniter->run()
 8 SYSTEMPATH\Boot.php(67): CodeIgniter\Boot::runCodeIgniter(Object(CodeIgniter\CodeIgniter))
 9 FCPATH\index.php(56): CodeIgniter\Boot::bootWeb(Object(Config\Paths))
10 SYSTEMPATH\Commands\Server\rewrite.php(49): require_once('C:\\Users\\jose1\\proyecto_amigo\\ci4-g4a\\public\\index.php')
ERROR - 2024-05-05 13:07:27 --> mysqli_sql_exception: Cannot delete or update a parent row: a foreign key constraint fails (`games4all`.`descuento`, CONSTRAINT `descuento_ibfk_1` FOREIGN KEY (`id_usuario`) REFERENCES `usuario` (`id_usuario`)) in C:\Users\jose1\proyecto_amigo\ci4-g4a\system\Database\MySQLi\Connection.php:308
Stack trace:
#0 C:\Users\jose1\proyecto_amigo\ci4-g4a\system\Database\MySQLi\Connection.php(308): mysqli->query('DELETE FROM `us...', 0)
#1 C:\Users\jose1\proyecto_amigo\ci4-g4a\system\Database\BaseConnection.php(722): CodeIgniter\Database\MySQLi\Connection->execute('DELETE FROM `us...')
#2 C:\Users\jose1\proyecto_amigo\ci4-g4a\system\Database\BaseConnection.php(636): CodeIgniter\Database\BaseConnection->simpleQuery('DELETE FROM `us...')
#3 C:\Users\jose1\proyecto_amigo\ci4-g4a\system\Database\BaseBuilder.php(2823): CodeIgniter\Database\BaseConnection->query('DELETE FROM `us...', Array, false)
#4 C:\Users\jose1\proyecto_amigo\ci4-g4a\system\Model.php(510): CodeIgniter\Database\BaseBuilder->delete()
#5 C:\Users\jose1\proyecto_amigo\ci4-g4a\system\BaseModel.php(1158): CodeIgniter\Model->doDelete(Array, false)
#6 C:\Users\jose1\proyecto_amigo\ci4-g4a\app\Controllers\UserController.php(42): CodeIgniter\BaseModel->delete(Array)
#7 C:\Users\jose1\proyecto_amigo\ci4-g4a\system\CodeIgniter.php(933): App\Controllers\UserController->delete('3')
#8 C:\Users\jose1\proyecto_amigo\ci4-g4a\system\CodeIgniter.php(509): CodeIgniter\CodeIgniter->runController(Object(App\Controllers\UserController))
#9 C:\Users\jose1\proyecto_amigo\ci4-g4a\system\CodeIgniter.php(355): CodeIgniter\CodeIgniter->handleRequest(NULL, Object(Config\Cache), false)
#10 C:\Users\jose1\proyecto_amigo\ci4-g4a\system\Boot.php(312): CodeIgniter\CodeIgniter->run()
#11 C:\Users\jose1\proyecto_amigo\ci4-g4a\system\Boot.php(67): CodeIgniter\Boot::runCodeIgniter(Object(CodeIgniter\CodeIgniter))
#12 C:\Users\jose1\proyecto_amigo\ci4-g4a\public\index.php(56): CodeIgniter\Boot::bootWeb(Object(Config\Paths))
#13 C:\Users\jose1\proyecto_amigo\ci4-g4a\system\Commands\Server\rewrite.php(49): require_once('C:\\Users\\jose1\\...')
#14 {main}
CRITICAL - 2024-05-05 13:07:27 --> CodeIgniter\Database\Exceptions\DatabaseException: Cannot delete or update a parent row: a foreign key constraint fails (`games4all`.`descuento`, CONSTRAINT `descuento_ibfk_1` FOREIGN KEY (`id_usuario`) REFERENCES `usuario` (`id_usuario`))
[Method: GET, Route: users/delete/3]
in SYSTEMPATH\Database\BaseConnection.php on line 676.
 1 SYSTEMPATH\Database\BaseBuilder.php(2823): CodeIgniter\Database\BaseConnection->query('DELETE FROM `usuario`
WHERE `id_usuario` IN :id_usuario:', [...], false)
 2 SYSTEMPATH\Model.php(510): CodeIgniter\Database\BaseBuilder->delete()
 3 SYSTEMPATH\BaseModel.php(1158): CodeIgniter\Model->doDelete([...], false)
 4 APPPATH\Controllers\UserController.php(42): CodeIgniter\BaseModel->delete([...])
 5 SYSTEMPATH\CodeIgniter.php(933): App\Controllers\UserController->delete('3')
 6 SYSTEMPATH\CodeIgniter.php(509): CodeIgniter\CodeIgniter->runController(Object(App\Controllers\UserController))
 7 SYSTEMPATH\CodeIgniter.php(355): CodeIgniter\CodeIgniter->handleRequest(null, Object(Config\Cache), false)
 8 SYSTEMPATH\Boot.php(312): CodeIgniter\CodeIgniter->run()
 9 SYSTEMPATH\Boot.php(67): CodeIgniter\Boot::runCodeIgniter(Object(CodeIgniter\CodeIgniter))
10 FCPATH\index.php(56): CodeIgniter\Boot::bootWeb(Object(Config\Paths))
11 SYSTEMPATH\Commands\Server\rewrite.php(49): require_once('C:\\Users\\jose1\\proyecto_amigo\\ci4-g4a\\public\\index.php')
CRITICAL - 2024-05-05 13:07:27 --> [Caused by] CodeIgniter\Database\Exceptions\DatabaseException: Cannot delete or update a parent row: a foreign key constraint fails (`games4all`.`descuento`, CONSTRAINT `descuento_ibfk_1` FOREIGN KEY (`id_usuario`) REFERENCES `usuario` (`id_usuario`))
in SYSTEMPATH\Database\MySQLi\Connection.php on line 313.
 1 SYSTEMPATH\Database\BaseConnection.php(722): CodeIgniter\Database\MySQLi\Connection->execute('DELETE FROM `usuario`
WHERE `id_usuario` IN (\'3\')')
 2 SYSTEMPATH\Database\BaseConnection.php(636): CodeIgniter\Database\BaseConnection->simpleQuery('DELETE FROM `usuario`
WHERE `id_usuario` IN (\'3\')')
 3 SYSTEMPATH\Database\BaseBuilder.php(2823): CodeIgniter\Database\BaseConnection->query('DELETE FROM `usuario`
WHERE `id_usuario` IN :id_usuario:', [...], false)
 4 SYSTEMPATH\Model.php(510): CodeIgniter\Database\BaseBuilder->delete()
 5 SYSTEMPATH\BaseModel.php(1158): CodeIgniter\Model->doDelete([...], false)
 6 APPPATH\Controllers\UserController.php(42): CodeIgniter\BaseModel->delete([...])
 7 SYSTEMPATH\CodeIgniter.php(933): App\Controllers\UserController->delete('3')
 8 SYSTEMPATH\CodeIgniter.php(509): CodeIgniter\CodeIgniter->runController(Object(App\Controllers\UserController))
 9 SYSTEMPATH\CodeIgniter.php(355): CodeIgniter\CodeIgniter->handleRequest(null, Object(Config\Cache), false)
10 SYSTEMPATH\Boot.php(312): CodeIgniter\CodeIgniter->run()
11 SYSTEMPATH\Boot.php(67): CodeIgniter\Boot::runCodeIgniter(Object(CodeIgniter\CodeIgniter))
12 FCPATH\index.php(56): CodeIgniter\Boot::bootWeb(Object(Config\Paths))
13 SYSTEMPATH\Commands\Server\rewrite.php(49): require_once('C:\\Users\\jose1\\proyecto_amigo\\ci4-g4a\\public\\index.php')
CRITICAL - 2024-05-05 13:07:27 --> [Caused by] mysqli_sql_exception: Cannot delete or update a parent row: a foreign key constraint fails (`games4all`.`descuento`, CONSTRAINT `descuento_ibfk_1` FOREIGN KEY (`id_usuario`) REFERENCES `usuario` (`id_usuario`))
in SYSTEMPATH\Database\MySQLi\Connection.php on line 308.
 1 SYSTEMPATH\Database\MySQLi\Connection.php(308): mysqli->query('DELETE FROM `usuario`
WHERE `id_usuario` IN (\'3\')', 0)
 2 SYSTEMPATH\Database\BaseConnection.php(722): CodeIgniter\Database\MySQLi\Connection->execute('DELETE FROM `usuario`
WHERE `id_usuario` IN (\'3\')')
 3 SYSTEMPATH\Database\BaseConnection.php(636): CodeIgniter\Database\BaseConnection->simpleQuery('DELETE FROM `usuario`
WHERE `id_usuario` IN (\'3\')')
 4 SYSTEMPATH\Database\BaseBuilder.php(2823): CodeIgniter\Database\BaseConnection->query('DELETE FROM `usuario`
WHERE `id_usuario` IN :id_usuario:', [...], false)
 5 SYSTEMPATH\Model.php(510): CodeIgniter\Database\BaseBuilder->delete()
 6 SYSTEMPATH\BaseModel.php(1158): CodeIgniter\Model->doDelete([...], false)
 7 APPPATH\Controllers\UserController.php(42): CodeIgniter\BaseModel->delete([...])
 8 SYSTEMPATH\CodeIgniter.php(933): App\Controllers\UserController->delete('3')
 9 SYSTEMPATH\CodeIgniter.php(509): CodeIgniter\CodeIgniter->runController(Object(App\Controllers\UserController))
10 SYSTEMPATH\CodeIgniter.php(355): CodeIgniter\CodeIgniter->handleRequest(null, Object(Config\Cache), false)
11 SYSTEMPATH\Boot.php(312): CodeIgniter\CodeIgniter->run()
12 SYSTEMPATH\Boot.php(67): CodeIgniter\Boot::runCodeIgniter(Object(CodeIgniter\CodeIgniter))
13 FCPATH\index.php(56): CodeIgniter\Boot::bootWeb(Object(Config\Paths))
14 SYSTEMPATH\Commands\Server\rewrite.php(49): require_once('C:\\Users\\jose1\\proyecto_amigo\\ci4-g4a\\public\\index.php')
CRITICAL - 2024-05-05 13:18:14 --> ErrorException: Cannot redeclare App\Controllers\UserController::edit()
[Method: GET, Route: gestionar_usuarios]
in APPPATH\Controllers\UserController.php on line 52.
 1 [internal function]: CodeIgniter\Debug\Exceptions->shutdownHandler()
CRITICAL - 2024-05-05 13:19:09 --> ErrorException: Cannot redeclare App\Controllers\UserController::edit()
[Method: GET, Route: gestionar_usuarios]
in APPPATH\Controllers\UserController.php on line 52.
 1 [internal function]: CodeIgniter\Debug\Exceptions->shutdownHandler()
CRITICAL - 2024-05-05 13:47:11 --> CodeIgniter\View\Exceptions\ViewException: Invalid file: "users/cards.php"
[Method: GET, Route: users/cards/1]
in SYSTEMPATH\Exceptions\FrameworkException.php on line 41.
 1 SYSTEMPATH\View\View.php(222): CodeIgniter\Exceptions\FrameworkException::forInvalidFile('users/cards.php')
 2 SYSTEMPATH\Common.php(1171): CodeIgniter\View\View->render('users/cards', [], true)
 3 APPPATH\Controllers\UserController.php(84): view('users/cards', [...])
 4 SYSTEMPATH\CodeIgniter.php(933): App\Controllers\UserController->listCards('1')
 5 SYSTEMPATH\CodeIgniter.php(509): CodeIgniter\CodeIgniter->runController(Object(App\Controllers\UserController))
 6 SYSTEMPATH\CodeIgniter.php(355): CodeIgniter\CodeIgniter->handleRequest(null, Object(Config\Cache), false)
 7 SYSTEMPATH\Boot.php(312): CodeIgniter\CodeIgniter->run()
 8 SYSTEMPATH\Boot.php(67): CodeIgniter\Boot::runCodeIgniter(Object(CodeIgniter\CodeIgniter))
 9 FCPATH\index.php(56): CodeIgniter\Boot::bootWeb(Object(Config\Paths))
10 SYSTEMPATH\Commands\Server\rewrite.php(49): require_once('C:\\Users\\jose1\\proyecto_amigo\\ci4-g4a\\public\\index.php')
CRITICAL - 2024-05-05 13:56:31 --> BadMethodCallException: Call to undefined method App\Models\CardModel::getUserIdFromCard
[Method: GET, Route: users/cards/edit/6]
in SYSTEMPATH\Model.php on line 921.
 1 APPPATH\Controllers\UserController.php(95): CodeIgniter\Model->__call('getUserIdFromCard', [...])
 2 SYSTEMPATH\CodeIgniter.php(933): App\Controllers\UserController->editCard('6')
 3 SYSTEMPATH\CodeIgniter.php(509): CodeIgniter\CodeIgniter->runController(Object(App\Controllers\UserController))
 4 SYSTEMPATH\CodeIgniter.php(355): CodeIgniter\CodeIgniter->handleRequest(null, Object(Config\Cache), false)
 5 SYSTEMPATH\Boot.php(312): CodeIgniter\CodeIgniter->run()
 6 SYSTEMPATH\Boot.php(67): CodeIgniter\Boot::runCodeIgniter(Object(CodeIgniter\CodeIgniter))
 7 FCPATH\index.php(56): CodeIgniter\Boot::bootWeb(Object(Config\Paths))
 8 SYSTEMPATH\Commands\Server\rewrite.php(49): require_once('C:\\Users\\jose1\\proyecto_amigo\\ci4-g4a\\public\\index.php')
CRITICAL - 2024-05-05 13:56:37 --> BadMethodCallException: Call to undefined method App\Models\CardModel::getUserIdFromCard
[Method: GET, Route: users/cards/edit/6]
in SYSTEMPATH\Model.php on line 921.
 1 APPPATH\Controllers\UserController.php(95): CodeIgniter\Model->__call('getUserIdFromCard', [...])
 2 SYSTEMPATH\CodeIgniter.php(933): App\Controllers\UserController->editCard('6')
 3 SYSTEMPATH\CodeIgniter.php(509): CodeIgniter\CodeIgniter->runController(Object(App\Controllers\UserController))
 4 SYSTEMPATH\CodeIgniter.php(355): CodeIgniter\CodeIgniter->handleRequest(null, Object(Config\Cache), false)
 5 SYSTEMPATH\Boot.php(312): CodeIgniter\CodeIgniter->run()
 6 SYSTEMPATH\Boot.php(67): CodeIgniter\Boot::runCodeIgniter(Object(CodeIgniter\CodeIgniter))
 7 FCPATH\index.php(56): CodeIgniter\Boot::bootWeb(Object(Config\Paths))
 8 SYSTEMPATH\Commands\Server\rewrite.php(49): require_once('C:\\Users\\jose1\\proyecto_amigo\\ci4-g4a\\public\\index.php')
CRITICAL - 2024-05-05 15:06:50 --> CodeIgniter\View\Exceptions\ViewException: Invalid file: "games/gestionar_videojuegos.php"
[Method: GET, Route: gestionar_videojuegos]
in SYSTEMPATH\Exceptions\FrameworkException.php on line 41.
 1 SYSTEMPATH\View\View.php(222): CodeIgniter\Exceptions\FrameworkException::forInvalidFile('games/gestionar_videojuegos.php')
 2 SYSTEMPATH\Common.php(1171): CodeIgniter\View\View->render('games/gestionar_videojuegos', [], true)
 3 APPPATH\Controllers\GameController.php(22): view('games/gestionar_videojuegos', [...])
 4 SYSTEMPATH\CodeIgniter.php(933): App\Controllers\GameController->manageGames()
 5 SYSTEMPATH\CodeIgniter.php(509): CodeIgniter\CodeIgniter->runController(Object(App\Controllers\GameController))
 6 SYSTEMPATH\CodeIgniter.php(355): CodeIgniter\CodeIgniter->handleRequest(null, Object(Config\Cache), false)
 7 SYSTEMPATH\Boot.php(312): CodeIgniter\CodeIgniter->run()
 8 SYSTEMPATH\Boot.php(67): CodeIgniter\Boot::runCodeIgniter(Object(CodeIgniter\CodeIgniter))
 9 FCPATH\index.php(56): CodeIgniter\Boot::bootWeb(Object(Config\Paths))
10 SYSTEMPATH\Commands\Server\rewrite.php(49): require_once('C:\\Users\\jose1\\proyecto_amigo\\ci4-g4a\\public\\index.php')
CRITICAL - 2024-05-05 15:38:34 --> CodeIgniter\View\Exceptions\ViewException: Invalid file: "games/list_games.php"
[Method: GET, Route: games/list]
in SYSTEMPATH\Exceptions\FrameworkException.php on line 41.
 1 SYSTEMPATH\View\View.php(222): CodeIgniter\Exceptions\FrameworkException::forInvalidFile('games/list_games.php')
 2 SYSTEMPATH\Common.php(1171): CodeIgniter\View\View->render('games/list_games', [], true)
 3 APPPATH\Controllers\GameController.php(20): view('games/list_games', [...])
 4 SYSTEMPATH\CodeIgniter.php(933): App\Controllers\GameController->listGames()
 5 SYSTEMPATH\CodeIgniter.php(509): CodeIgniter\CodeIgniter->runController(Object(App\Controllers\GameController))
 6 SYSTEMPATH\CodeIgniter.php(355): CodeIgniter\CodeIgniter->handleRequest(null, Object(Config\Cache), false)
 7 SYSTEMPATH\Boot.php(312): CodeIgniter\CodeIgniter->run()
 8 SYSTEMPATH\Boot.php(67): CodeIgniter\Boot::runCodeIgniter(Object(CodeIgniter\CodeIgniter))
 9 FCPATH\index.php(56): CodeIgniter\Boot::bootWeb(Object(Config\Paths))
10 SYSTEMPATH\Commands\Server\rewrite.php(49): require_once('C:\\Users\\jose1\\proyecto_amigo\\ci4-g4a\\public\\index.php')
CRITICAL - 2024-05-05 15:45:46 --> CodeIgniter\View\Exceptions\ViewException: Invalid file: "games/manage_games.php"
[Method: GET, Route: gestionar_videojuegos]
in SYSTEMPATH\Exceptions\FrameworkException.php on line 41.
 1 SYSTEMPATH\View\View.php(222): CodeIgniter\Exceptions\FrameworkException::forInvalidFile('games/manage_games.php')
 2 SYSTEMPATH\Common.php(1171): CodeIgniter\View\View->render('games/manage_games', [], true)
 3 APPPATH\Controllers\GameController.php(94): view('games/manage_games')
 4 SYSTEMPATH\CodeIgniter.php(933): App\Controllers\GameController->manageGames()
 5 SYSTEMPATH\CodeIgniter.php(509): CodeIgniter\CodeIgniter->runController(Object(App\Controllers\GameController))
 6 SYSTEMPATH\CodeIgniter.php(355): CodeIgniter\CodeIgniter->handleRequest(null, Object(Config\Cache), false)
 7 SYSTEMPATH\Boot.php(312): CodeIgniter\CodeIgniter->run()
 8 SYSTEMPATH\Boot.php(67): CodeIgniter\Boot::runCodeIgniter(Object(CodeIgniter\CodeIgniter))
 9 FCPATH\index.php(56): CodeIgniter\Boot::bootWeb(Object(Config\Paths))
10 SYSTEMPATH\Commands\Server\rewrite.php(49): require_once('C:\\Users\\jose1\\proyecto_amigo\\ci4-g4a\\public\\index.php')
CRITICAL - 2024-05-05 15:45:50 --> CodeIgniter\View\Exceptions\ViewException: Invalid file: "games/manage_games.php"
[Method: GET, Route: gestionar_videojuegos]
in SYSTEMPATH\Exceptions\FrameworkException.php on line 41.
 1 SYSTEMPATH\View\View.php(222): CodeIgniter\Exceptions\FrameworkException::forInvalidFile('games/manage_games.php')
 2 SYSTEMPATH\Common.php(1171): CodeIgniter\View\View->render('games/manage_games', [], true)
 3 APPPATH\Controllers\GameController.php(94): view('games/manage_games')
 4 SYSTEMPATH\CodeIgniter.php(933): App\Controllers\GameController->manageGames()
 5 SYSTEMPATH\CodeIgniter.php(509): CodeIgniter\CodeIgniter->runController(Object(App\Controllers\GameController))
 6 SYSTEMPATH\CodeIgniter.php(355): CodeIgniter\CodeIgniter->handleRequest(null, Object(Config\Cache), false)
 7 SYSTEMPATH\Boot.php(312): CodeIgniter\CodeIgniter->run()
 8 SYSTEMPATH\Boot.php(67): CodeIgniter\Boot::runCodeIgniter(Object(CodeIgniter\CodeIgniter))
 9 FCPATH\index.php(56): CodeIgniter\Boot::bootWeb(Object(Config\Paths))
10 SYSTEMPATH\Commands\Server\rewrite.php(49): require_once('C:\\Users\\jose1\\proyecto_amigo\\ci4-g4a\\public\\index.php')
CRITICAL - 2024-05-05 16:08:37 --> ErrorException: Cannot redeclare App\Controllers\GameController::create()
[Method: GET, Route: gestionar_videojuegos]
in APPPATH\Controllers\GameController.php on line 61.
 1 [internal function]: CodeIgniter\Debug\Exceptions->shutdownHandler()
CRITICAL - 2024-05-05 16:08:40 --> ErrorException: Cannot redeclare App\Controllers\GameController::create()
[Method: GET, Route: gestionar_videojuegos]
in APPPATH\Controllers\GameController.php on line 61.
 1 [internal function]: CodeIgniter\Debug\Exceptions->shutdownHandler()
CRITICAL - 2024-05-05 16:25:01 --> Error: Cannot use object of type stdClass as array
[Method: GET, Route: games/add]
in APPPATH\Views\games\add_game.php on line 36.
 1 SYSTEMPATH\View\View.php(234): include()
 2 SYSTEMPATH\View\View.php(237): CodeIgniter\View\View->CodeIgniter\View\{closure}()
 3 SYSTEMPATH\Common.php(1171): CodeIgniter\View\View->render('games/add_game', [], true)
 4 APPPATH\Controllers\GameController.php(30): view('games/add_game', [...])
 5 SYSTEMPATH\CodeIgniter.php(933): App\Controllers\GameController->addGame()
 6 SYSTEMPATH\CodeIgniter.php(509): CodeIgniter\CodeIgniter->runController(Object(App\Controllers\GameController))
 7 SYSTEMPATH\CodeIgniter.php(355): CodeIgniter\CodeIgniter->handleRequest(null, Object(Config\Cache), false)
 8 SYSTEMPATH\Boot.php(312): CodeIgniter\CodeIgniter->run()
 9 SYSTEMPATH\Boot.php(67): CodeIgniter\Boot::runCodeIgniter(Object(CodeIgniter\CodeIgniter))
10 FCPATH\index.php(56): CodeIgniter\Boot::bootWeb(Object(Config\Paths))
11 SYSTEMPATH\Commands\Server\rewrite.php(49): require_once('C:\\Users\\jose1\\proyecto_amigo\\ci4-g4a\\public\\index.php')
CRITICAL - 2024-05-05 16:31:41 --> ErrorException: Undefined property: stdClass::$titulo_juego
[Method: GET, Route: games/add]
in APPPATH\Views\games\add_game.php on line 56.
 1 APPPATH\Views\games\add_game.php(56): CodeIgniter\Debug\Exceptions->errorHandler(2, 'Undefined property: stdClass::$titulo_juego', 'C:\\Users\\jose1\\proyecto_amigo\\ci4-g4a\\app\\Views\\games\\add_game.php', 56)
 2 SYSTEMPATH\View\View.php(234): include('C:\\Users\\jose1\\proyecto_amigo\\ci4-g4a\\app\\Views\\games\\add_game.php')
 3 SYSTEMPATH\View\View.php(237): CodeIgniter\View\View->CodeIgniter\View\{closure}()
 4 SYSTEMPATH\Common.php(1171): CodeIgniter\View\View->render('games/add_game', [], true)
 5 APPPATH\Controllers\GameController.php(30): view('games/add_game', [...])
 6 SYSTEMPATH\CodeIgniter.php(933): App\Controllers\GameController->addGame()
 7 SYSTEMPATH\CodeIgniter.php(509): CodeIgniter\CodeIgniter->runController(Object(App\Controllers\GameController))
 8 SYSTEMPATH\CodeIgniter.php(355): CodeIgniter\CodeIgniter->handleRequest(null, Object(Config\Cache), false)
 9 SYSTEMPATH\Boot.php(312): CodeIgniter\CodeIgniter->run()
10 SYSTEMPATH\Boot.php(67): CodeIgniter\Boot::runCodeIgniter(Object(CodeIgniter\CodeIgniter))
11 FCPATH\index.php(56): CodeIgniter\Boot::bootWeb(Object(Config\Paths))
12 SYSTEMPATH\Commands\Server\rewrite.php(49): require_once('C:\\Users\\jose1\\proyecto_amigo\\ci4-g4a\\public\\index.php')
CRITICAL - 2024-05-05 16:33:15 --> ErrorException: Undefined property: stdClass::$titulo_juego
[Method: GET, Route: games/add]
in APPPATH\Views\games\add_game.php on line 57.
 1 APPPATH\Views\games\add_game.php(57): CodeIgniter\Debug\Exceptions->errorHandler(2, 'Undefined property: stdClass::$titulo_juego', 'C:\\Users\\jose1\\proyecto_amigo\\ci4-g4a\\app\\Views\\games\\add_game.php', 57)
 2 SYSTEMPATH\View\View.php(234): include('C:\\Users\\jose1\\proyecto_amigo\\ci4-g4a\\app\\Views\\games\\add_game.php')
 3 SYSTEMPATH\View\View.php(237): CodeIgniter\View\View->CodeIgniter\View\{closure}()
 4 SYSTEMPATH\Common.php(1171): CodeIgniter\View\View->render('games/add_game', [], true)
 5 APPPATH\Controllers\GameController.php(30): view('games/add_game', [...])
 6 SYSTEMPATH\CodeIgniter.php(933): App\Controllers\GameController->addGame()
 7 SYSTEMPATH\CodeIgniter.php(509): CodeIgniter\CodeIgniter->runController(Object(App\Controllers\GameController))
 8 SYSTEMPATH\CodeIgniter.php(355): CodeIgniter\CodeIgniter->handleRequest(null, Object(Config\Cache), false)
 9 SYSTEMPATH\Boot.php(312): CodeIgniter\CodeIgniter->run()
10 SYSTEMPATH\Boot.php(67): CodeIgniter\Boot::runCodeIgniter(Object(CodeIgniter\CodeIgniter))
11 FCPATH\index.php(56): CodeIgniter\Boot::bootWeb(Object(Config\Paths))
12 SYSTEMPATH\Commands\Server\rewrite.php(49): require_once('C:\\Users\\jose1\\proyecto_amigo\\ci4-g4a\\public\\index.php')
CRITICAL - 2024-05-05 16:33:23 --> ErrorException: Undefined property: stdClass::$titulo_juego
[Method: GET, Route: games/add]
in APPPATH\Views\games\add_game.php on line 57.
 1 APPPATH\Views\games\add_game.php(57): CodeIgniter\Debug\Exceptions->errorHandler(2, 'Undefined property: stdClass::$titulo_juego', 'C:\\Users\\jose1\\proyecto_amigo\\ci4-g4a\\app\\Views\\games\\add_game.php', 57)
 2 SYSTEMPATH\View\View.php(234): include('C:\\Users\\jose1\\proyecto_amigo\\ci4-g4a\\app\\Views\\games\\add_game.php')
 3 SYSTEMPATH\View\View.php(237): CodeIgniter\View\View->CodeIgniter\View\{closure}()
 4 SYSTEMPATH\Common.php(1171): CodeIgniter\View\View->render('games/add_game', [], true)
 5 APPPATH\Controllers\GameController.php(30): view('games/add_game', [...])
 6 SYSTEMPATH\CodeIgniter.php(933): App\Controllers\GameController->addGame()
 7 SYSTEMPATH\CodeIgniter.php(509): CodeIgniter\CodeIgniter->runController(Object(App\Controllers\GameController))
 8 SYSTEMPATH\CodeIgniter.php(355): CodeIgniter\CodeIgniter->handleRequest(null, Object(Config\Cache), false)
 9 SYSTEMPATH\Boot.php(312): CodeIgniter\CodeIgniter->run()
10 SYSTEMPATH\Boot.php(67): CodeIgniter\Boot::runCodeIgniter(Object(CodeIgniter\CodeIgniter))
11 FCPATH\index.php(56): CodeIgniter\Boot::bootWeb(Object(Config\Paths))
12 SYSTEMPATH\Commands\Server\rewrite.php(49): require_once('C:\\Users\\jose1\\proyecto_amigo\\ci4-g4a\\public\\index.php')
CRITICAL - 2024-05-05 16:37:52 --> ErrorException: Undefined property: stdClass::$titulo_juego
[Method: GET, Route: games/add]
in APPPATH\Views\games\add_game.php on line 37.
 1 APPPATH\Views\games\add_game.php(37): CodeIgniter\Debug\Exceptions->errorHandler(2, 'Undefined property: stdClass::$titulo_juego', 'C:\\Users\\jose1\\proyecto_amigo\\ci4-g4a\\app\\Views\\games\\add_game.php', 37)
 2 SYSTEMPATH\View\View.php(234): include('C:\\Users\\jose1\\proyecto_amigo\\ci4-g4a\\app\\Views\\games\\add_game.php')
 3 SYSTEMPATH\View\View.php(237): CodeIgniter\View\View->CodeIgniter\View\{closure}()
 4 SYSTEMPATH\Common.php(1171): CodeIgniter\View\View->render('games/add_game', [], true)
 5 APPPATH\Controllers\GameController.php(30): view('games/add_game', [...])
 6 SYSTEMPATH\CodeIgniter.php(933): App\Controllers\GameController->addGame()
 7 SYSTEMPATH\CodeIgniter.php(509): CodeIgniter\CodeIgniter->runController(Object(App\Controllers\GameController))
 8 SYSTEMPATH\CodeIgniter.php(355): CodeIgniter\CodeIgniter->handleRequest(null, Object(Config\Cache), false)
 9 SYSTEMPATH\Boot.php(312): CodeIgniter\CodeIgniter->run()
10 SYSTEMPATH\Boot.php(67): CodeIgniter\Boot::runCodeIgniter(Object(CodeIgniter\CodeIgniter))
11 FCPATH\index.php(56): CodeIgniter\Boot::bootWeb(Object(Config\Paths))
12 SYSTEMPATH\Commands\Server\rewrite.php(49): require_once('C:\\Users\\jose1\\proyecto_amigo\\ci4-g4a\\public\\index.php')
CRITICAL - 2024-05-05 17:15:21 --> ErrorException: Undefined property: stdClass::$id_juego
[Method: GET, Route: games/add]
in APPPATH\Views\games\add_game.php on line 55.
 1 APPPATH\Views\games\add_game.php(55): CodeIgniter\Debug\Exceptions->errorHandler(2, 'Undefined property: stdClass::$id_juego', 'C:\\Users\\jose1\\proyecto_amigo\\ci4-g4a\\app\\Views\\games\\add_game.php', 55)
 2 SYSTEMPATH\View\View.php(234): include('C:\\Users\\jose1\\proyecto_amigo\\ci4-g4a\\app\\Views\\games\\add_game.php')
 3 SYSTEMPATH\View\View.php(237): CodeIgniter\View\View->CodeIgniter\View\{closure}()
 4 SYSTEMPATH\Common.php(1171): CodeIgniter\View\View->render('games/add_game', [], true)
 5 APPPATH\Controllers\GameController.php(30): view('games/add_game', [...])
 6 SYSTEMPATH\CodeIgniter.php(933): App\Controllers\GameController->addGame()
 7 SYSTEMPATH\CodeIgniter.php(509): CodeIgniter\CodeIgniter->runController(Object(App\Controllers\GameController))
 8 SYSTEMPATH\CodeIgniter.php(355): CodeIgniter\CodeIgniter->handleRequest(null, Object(Config\Cache), false)
 9 SYSTEMPATH\Boot.php(312): CodeIgniter\CodeIgniter->run()
10 SYSTEMPATH\Boot.php(67): CodeIgniter\Boot::runCodeIgniter(Object(CodeIgniter\CodeIgniter))
11 FCPATH\index.php(56): CodeIgniter\Boot::bootWeb(Object(Config\Paths))
12 SYSTEMPATH\Commands\Server\rewrite.php(49): require_once('C:\\Users\\jose1\\proyecto_amigo\\ci4-g4a\\public\\index.php')
ERROR - 2024-05-05 17:19:08 --> mysqli_sql_exception: Unknown column 'imagen' in 'field list' in C:\Users\jose1\proyecto_amigo\ci4-g4a\system\Database\MySQLi\Connection.php:308
Stack trace:
#0 C:\Users\jose1\proyecto_amigo\ci4-g4a\system\Database\MySQLi\Connection.php(308): mysqli->query('INSERT INTO `ju...', 0)
#1 C:\Users\jose1\proyecto_amigo\ci4-g4a\system\Database\BaseConnection.php(722): CodeIgniter\Database\MySQLi\Connection->execute('INSERT INTO `ju...')
#2 C:\Users\jose1\proyecto_amigo\ci4-g4a\system\Database\BaseConnection.php(636): CodeIgniter\Database\BaseConnection->simpleQuery('INSERT INTO `ju...')
#3 C:\Users\jose1\proyecto_amigo\ci4-g4a\system\Database\BaseBuilder.php(2325): CodeIgniter\Database\BaseConnection->query('INSERT INTO `ju...', Array, false)
#4 C:\Users\jose1\proyecto_amigo\ci4-g4a\system\Model.php(383): CodeIgniter\Database\BaseBuilder->insert()
#5 C:\Users\jose1\proyecto_amigo\ci4-g4a\system\BaseModel.php(840): CodeIgniter\Model->doInsert(Array)
#6 C:\Users\jose1\proyecto_amigo\ci4-g4a\system\Model.php(791): CodeIgniter\BaseModel->insert(Array, true)
#7 C:\Users\jose1\proyecto_amigo\ci4-g4a\app\Models\GameModel.php(28): CodeIgniter\Model->insert(Array)
#8 C:\Users\jose1\proyecto_amigo\ci4-g4a\app\Controllers\GameController.php(59): App\Models\GameModel->insertGame(Array)
#9 C:\Users\jose1\proyecto_amigo\ci4-g4a\system\CodeIgniter.php(933): App\Controllers\GameController->create()
#10 C:\Users\jose1\proyecto_amigo\ci4-g4a\system\CodeIgniter.php(509): CodeIgniter\CodeIgniter->runController(Object(App\Controllers\GameController))
#11 C:\Users\jose1\proyecto_amigo\ci4-g4a\system\CodeIgniter.php(355): CodeIgniter\CodeIgniter->handleRequest(NULL, Object(Config\Cache), false)
#12 C:\Users\jose1\proyecto_amigo\ci4-g4a\system\Boot.php(312): CodeIgniter\CodeIgniter->run()
#13 C:\Users\jose1\proyecto_amigo\ci4-g4a\system\Boot.php(67): CodeIgniter\Boot::runCodeIgniter(Object(CodeIgniter\CodeIgniter))
#14 C:\Users\jose1\proyecto_amigo\ci4-g4a\public\index.php(56): CodeIgniter\Boot::bootWeb(Object(Config\Paths))
#15 C:\Users\jose1\proyecto_amigo\ci4-g4a\system\Commands\Server\rewrite.php(49): require_once('C:\\Users\\jose1\\...')
#16 {main}
CRITICAL - 2024-05-05 17:19:08 --> CodeIgniter\Database\Exceptions\DatabaseException: Unknown column 'imagen' in 'field list'
[Method: POST, Route: games/create]
in SYSTEMPATH\Database\BaseConnection.php on line 676.
 1 SYSTEMPATH\Database\BaseBuilder.php(2325): CodeIgniter\Database\BaseConnection->query('INSERT INTO `juego` (`plataforma`, `titulo`, `precio`, `rebaja`, `stock`, `formato`, `imagen`) VALUES (:plataforma:, :titulo:, :precio:, :rebaja:, :stock:, :formato:, :imagen:)', [...], false)
 2 SYSTEMPATH\Model.php(383): CodeIgniter\Database\BaseBuilder->insert()
 3 SYSTEMPATH\BaseModel.php(840): CodeIgniter\Model->doInsert([...])
 4 SYSTEMPATH\Model.php(791): CodeIgniter\BaseModel->insert([...], true)
 5 APPPATH\Models\GameModel.php(28): CodeIgniter\Model->insert([...])
 6 APPPATH\Controllers\GameController.php(59): App\Models\GameModel->insertGame([...])
 7 SYSTEMPATH\CodeIgniter.php(933): App\Controllers\GameController->create()
 8 SYSTEMPATH\CodeIgniter.php(509): CodeIgniter\CodeIgniter->runController(Object(App\Controllers\GameController))
 9 SYSTEMPATH\CodeIgniter.php(355): CodeIgniter\CodeIgniter->handleRequest(null, Object(Config\Cache), false)
10 SYSTEMPATH\Boot.php(312): CodeIgniter\CodeIgniter->run()
11 SYSTEMPATH\Boot.php(67): CodeIgniter\Boot::runCodeIgniter(Object(CodeIgniter\CodeIgniter))
12 FCPATH\index.php(56): CodeIgniter\Boot::bootWeb(Object(Config\Paths))
13 SYSTEMPATH\Commands\Server\rewrite.php(49): require_once('C:\\Users\\jose1\\proyecto_amigo\\ci4-g4a\\public\\index.php')
CRITICAL - 2024-05-05 17:19:08 --> [Caused by] CodeIgniter\Database\Exceptions\DatabaseException: Unknown column 'imagen' in 'field list'
in SYSTEMPATH\Database\MySQLi\Connection.php on line 313.
 1 SYSTEMPATH\Database\BaseConnection.php(722): CodeIgniter\Database\MySQLi\Connection->execute('INSERT INTO `juego` (`plataforma`, `titulo`, `precio`, `rebaja`, `stock`, `formato`, `imagen`) VALUES (\'PlayStation 4\', \'juegomio\', \'4\', \'3\', \'44\', \'0\', \'juegomio.png\')')
 2 SYSTEMPATH\Database\BaseConnection.php(636): CodeIgniter\Database\BaseConnection->simpleQuery('INSERT INTO `juego` (`plataforma`, `titulo`, `precio`, `rebaja`, `stock`, `formato`, `imagen`) VALUES (\'PlayStation 4\', \'juegomio\', \'4\', \'3\', \'44\', \'0\', \'juegomio.png\')')
 3 SYSTEMPATH\Database\BaseBuilder.php(2325): CodeIgniter\Database\BaseConnection->query('INSERT INTO `juego` (`plataforma`, `titulo`, `precio`, `rebaja`, `stock`, `formato`, `imagen`) VALUES (:plataforma:, :titulo:, :precio:, :rebaja:, :stock:, :formato:, :imagen:)', [...], false)
 4 SYSTEMPATH\Model.php(383): CodeIgniter\Database\BaseBuilder->insert()
 5 SYSTEMPATH\BaseModel.php(840): CodeIgniter\Model->doInsert([...])
 6 SYSTEMPATH\Model.php(791): CodeIgniter\BaseModel->insert([...], true)
 7 APPPATH\Models\GameModel.php(28): CodeIgniter\Model->insert([...])
 8 APPPATH\Controllers\GameController.php(59): App\Models\GameModel->insertGame([...])
 9 SYSTEMPATH\CodeIgniter.php(933): App\Controllers\GameController->create()
10 SYSTEMPATH\CodeIgniter.php(509): CodeIgniter\CodeIgniter->runController(Object(App\Controllers\GameController))
11 SYSTEMPATH\CodeIgniter.php(355): CodeIgniter\CodeIgniter->handleRequest(null, Object(Config\Cache), false)
12 SYSTEMPATH\Boot.php(312): CodeIgniter\CodeIgniter->run()
13 SYSTEMPATH\Boot.php(67): CodeIgniter\Boot::runCodeIgniter(Object(CodeIgniter\CodeIgniter))
14 FCPATH\index.php(56): CodeIgniter\Boot::bootWeb(Object(Config\Paths))
15 SYSTEMPATH\Commands\Server\rewrite.php(49): require_once('C:\\Users\\jose1\\proyecto_amigo\\ci4-g4a\\public\\index.php')
CRITICAL - 2024-05-05 17:19:08 --> [Caused by] mysqli_sql_exception: Unknown column 'imagen' in 'field list'
in SYSTEMPATH\Database\MySQLi\Connection.php on line 308.
 1 SYSTEMPATH\Database\MySQLi\Connection.php(308): mysqli->query('INSERT INTO `juego` (`plataforma`, `titulo`, `precio`, `rebaja`, `stock`, `formato`, `imagen`) VALUES (\'PlayStation 4\', \'juegomio\', \'4\', \'3\', \'44\', \'0\', \'juegomio.png\')', 0)
 2 SYSTEMPATH\Database\BaseConnection.php(722): CodeIgniter\Database\MySQLi\Connection->execute('INSERT INTO `juego` (`plataforma`, `titulo`, `precio`, `rebaja`, `stock`, `formato`, `imagen`) VALUES (\'PlayStation 4\', \'juegomio\', \'4\', \'3\', \'44\', \'0\', \'juegomio.png\')')
 3 SYSTEMPATH\Database\BaseConnection.php(636): CodeIgniter\Database\BaseConnection->simpleQuery('INSERT INTO `juego` (`plataforma`, `titulo`, `precio`, `rebaja`, `stock`, `formato`, `imagen`) VALUES (\'PlayStation 4\', \'juegomio\', \'4\', \'3\', \'44\', \'0\', \'juegomio.png\')')
 4 SYSTEMPATH\Database\BaseBuilder.php(2325): CodeIgniter\Database\BaseConnection->query('INSERT INTO `juego` (`plataforma`, `titulo`, `precio`, `rebaja`, `stock`, `formato`, `imagen`) VALUES (:plataforma:, :titulo:, :precio:, :rebaja:, :stock:, :formato:, :imagen:)', [...], false)
 5 SYSTEMPATH\Model.php(383): CodeIgniter\Database\BaseBuilder->insert()
 6 SYSTEMPATH\BaseModel.php(840): CodeIgniter\Model->doInsert([...])
 7 SYSTEMPATH\Model.php(791): CodeIgniter\BaseModel->insert([...], true)
 8 APPPATH\Models\GameModel.php(28): CodeIgniter\Model->insert([...])
 9 APPPATH\Controllers\GameController.php(59): App\Models\GameModel->insertGame([...])
10 SYSTEMPATH\CodeIgniter.php(933): App\Controllers\GameController->create()
11 SYSTEMPATH\CodeIgniter.php(509): CodeIgniter\CodeIgniter->runController(Object(App\Controllers\GameController))
12 SYSTEMPATH\CodeIgniter.php(355): CodeIgniter\CodeIgniter->handleRequest(null, Object(Config\Cache), false)
13 SYSTEMPATH\Boot.php(312): CodeIgniter\CodeIgniter->run()
14 SYSTEMPATH\Boot.php(67): CodeIgniter\Boot::runCodeIgniter(Object(CodeIgniter\CodeIgniter))
15 FCPATH\index.php(56): CodeIgniter\Boot::bootWeb(Object(Config\Paths))
16 SYSTEMPATH\Commands\Server\rewrite.php(49): require_once('C:\\Users\\jose1\\proyecto_amigo\\ci4-g4a\\public\\index.php')
ERROR - 2024-05-05 17:19:28 --> mysqli_sql_exception: Unknown column 'imagen' in 'field list' in C:\Users\jose1\proyecto_amigo\ci4-g4a\system\Database\MySQLi\Connection.php:308
Stack trace:
#0 C:\Users\jose1\proyecto_amigo\ci4-g4a\system\Database\MySQLi\Connection.php(308): mysqli->query('INSERT INTO `ju...', 0)
#1 C:\Users\jose1\proyecto_amigo\ci4-g4a\system\Database\BaseConnection.php(722): CodeIgniter\Database\MySQLi\Connection->execute('INSERT INTO `ju...')
#2 C:\Users\jose1\proyecto_amigo\ci4-g4a\system\Database\BaseConnection.php(636): CodeIgniter\Database\BaseConnection->simpleQuery('INSERT INTO `ju...')
#3 C:\Users\jose1\proyecto_amigo\ci4-g4a\system\Database\BaseBuilder.php(2325): CodeIgniter\Database\BaseConnection->query('INSERT INTO `ju...', Array, false)
#4 C:\Users\jose1\proyecto_amigo\ci4-g4a\system\Model.php(383): CodeIgniter\Database\BaseBuilder->insert()
#5 C:\Users\jose1\proyecto_amigo\ci4-g4a\system\BaseModel.php(840): CodeIgniter\Model->doInsert(Array)
#6 C:\Users\jose1\proyecto_amigo\ci4-g4a\system\Model.php(791): CodeIgniter\BaseModel->insert(Array, true)
#7 C:\Users\jose1\proyecto_amigo\ci4-g4a\app\Models\GameModel.php(28): CodeIgniter\Model->insert(Array)
#8 C:\Users\jose1\proyecto_amigo\ci4-g4a\app\Controllers\GameController.php(59): App\Models\GameModel->insertGame(Array)
#9 C:\Users\jose1\proyecto_amigo\ci4-g4a\system\CodeIgniter.php(933): App\Controllers\GameController->create()
#10 C:\Users\jose1\proyecto_amigo\ci4-g4a\system\CodeIgniter.php(509): CodeIgniter\CodeIgniter->runController(Object(App\Controllers\GameController))
#11 C:\Users\jose1\proyecto_amigo\ci4-g4a\system\CodeIgniter.php(355): CodeIgniter\CodeIgniter->handleRequest(NULL, Object(Config\Cache), false)
#12 C:\Users\jose1\proyecto_amigo\ci4-g4a\system\Boot.php(312): CodeIgniter\CodeIgniter->run()
#13 C:\Users\jose1\proyecto_amigo\ci4-g4a\system\Boot.php(67): CodeIgniter\Boot::runCodeIgniter(Object(CodeIgniter\CodeIgniter))
#14 C:\Users\jose1\proyecto_amigo\ci4-g4a\public\index.php(56): CodeIgniter\Boot::bootWeb(Object(Config\Paths))
#15 C:\Users\jose1\proyecto_amigo\ci4-g4a\system\Commands\Server\rewrite.php(49): require_once('C:\\Users\\jose1\\...')
#16 {main}
CRITICAL - 2024-05-05 17:19:28 --> CodeIgniter\Database\Exceptions\DatabaseException: Unknown column 'imagen' in 'field list'
[Method: POST, Route: games/create]
in SYSTEMPATH\Database\BaseConnection.php on line 676.
 1 SYSTEMPATH\Database\BaseBuilder.php(2325): CodeIgniter\Database\BaseConnection->query('INSERT INTO `juego` (`plataforma`, `titulo`, `precio`, `rebaja`, `stock`, `formato`, `imagen`) VALUES (:plataforma:, :titulo:, :precio:, :rebaja:, :stock:, :formato:, :imagen:)', [...], false)
 2 SYSTEMPATH\Model.php(383): CodeIgniter\Database\BaseBuilder->insert()
 3 SYSTEMPATH\BaseModel.php(840): CodeIgniter\Model->doInsert([...])
 4 SYSTEMPATH\Model.php(791): CodeIgniter\BaseModel->insert([...], true)
 5 APPPATH\Models\GameModel.php(28): CodeIgniter\Model->insert([...])
 6 APPPATH\Controllers\GameController.php(59): App\Models\GameModel->insertGame([...])
 7 SYSTEMPATH\CodeIgniter.php(933): App\Controllers\GameController->create()
 8 SYSTEMPATH\CodeIgniter.php(509): CodeIgniter\CodeIgniter->runController(Object(App\Controllers\GameController))
 9 SYSTEMPATH\CodeIgniter.php(355): CodeIgniter\CodeIgniter->handleRequest(null, Object(Config\Cache), false)
10 SYSTEMPATH\Boot.php(312): CodeIgniter\CodeIgniter->run()
11 SYSTEMPATH\Boot.php(67): CodeIgniter\Boot::runCodeIgniter(Object(CodeIgniter\CodeIgniter))
12 FCPATH\index.php(56): CodeIgniter\Boot::bootWeb(Object(Config\Paths))
13 SYSTEMPATH\Commands\Server\rewrite.php(49): require_once('C:\\Users\\jose1\\proyecto_amigo\\ci4-g4a\\public\\index.php')
CRITICAL - 2024-05-05 17:19:28 --> [Caused by] CodeIgniter\Database\Exceptions\DatabaseException: Unknown column 'imagen' in 'field list'
in SYSTEMPATH\Database\MySQLi\Connection.php on line 313.
 1 SYSTEMPATH\Database\BaseConnection.php(722): CodeIgniter\Database\MySQLi\Connection->execute('INSERT INTO `juego` (`plataforma`, `titulo`, `precio`, `rebaja`, `stock`, `formato`, `imagen`) VALUES (\'PlayStation 4\', \'juegomio\', \'4\', \'3\', \'44\', \'0\', \'1714929568_d9346218a866c9bc255a.webp\')')
 2 SYSTEMPATH\Database\BaseConnection.php(636): CodeIgniter\Database\BaseConnection->simpleQuery('INSERT INTO `juego` (`plataforma`, `titulo`, `precio`, `rebaja`, `stock`, `formato`, `imagen`) VALUES (\'PlayStation 4\', \'juegomio\', \'4\', \'3\', \'44\', \'0\', \'1714929568_d9346218a866c9bc255a.webp\')')
 3 SYSTEMPATH\Database\BaseBuilder.php(2325): CodeIgniter\Database\BaseConnection->query('INSERT INTO `juego` (`plataforma`, `titulo`, `precio`, `rebaja`, `stock`, `formato`, `imagen`) VALUES (:plataforma:, :titulo:, :precio:, :rebaja:, :stock:, :formato:, :imagen:)', [...], false)
 4 SYSTEMPATH\Model.php(383): CodeIgniter\Database\BaseBuilder->insert()
 5 SYSTEMPATH\BaseModel.php(840): CodeIgniter\Model->doInsert([...])
 6 SYSTEMPATH\Model.php(791): CodeIgniter\BaseModel->insert([...], true)
 7 APPPATH\Models\GameModel.php(28): CodeIgniter\Model->insert([...])
 8 APPPATH\Controllers\GameController.php(59): App\Models\GameModel->insertGame([...])
 9 SYSTEMPATH\CodeIgniter.php(933): App\Controllers\GameController->create()
10 SYSTEMPATH\CodeIgniter.php(509): CodeIgniter\CodeIgniter->runController(Object(App\Controllers\GameController))
11 SYSTEMPATH\CodeIgniter.php(355): CodeIgniter\CodeIgniter->handleRequest(null, Object(Config\Cache), false)
12 SYSTEMPATH\Boot.php(312): CodeIgniter\CodeIgniter->run()
13 SYSTEMPATH\Boot.php(67): CodeIgniter\Boot::runCodeIgniter(Object(CodeIgniter\CodeIgniter))
14 FCPATH\index.php(56): CodeIgniter\Boot::bootWeb(Object(Config\Paths))
15 SYSTEMPATH\Commands\Server\rewrite.php(49): require_once('C:\\Users\\jose1\\proyecto_amigo\\ci4-g4a\\public\\index.php')
CRITICAL - 2024-05-05 17:19:28 --> [Caused by] mysqli_sql_exception: Unknown column 'imagen' in 'field list'
in SYSTEMPATH\Database\MySQLi\Connection.php on line 308.
 1 SYSTEMPATH\Database\MySQLi\Connection.php(308): mysqli->query('INSERT INTO `juego` (`plataforma`, `titulo`, `precio`, `rebaja`, `stock`, `formato`, `imagen`) VALUES (\'PlayStation 4\', \'juegomio\', \'4\', \'3\', \'44\', \'0\', \'1714929568_d9346218a866c9bc255a.webp\')', 0)
 2 SYSTEMPATH\Database\BaseConnection.php(722): CodeIgniter\Database\MySQLi\Connection->execute('INSERT INTO `juego` (`plataforma`, `titulo`, `precio`, `rebaja`, `stock`, `formato`, `imagen`) VALUES (\'PlayStation 4\', \'juegomio\', \'4\', \'3\', \'44\', \'0\', \'1714929568_d9346218a866c9bc255a.webp\')')
 3 SYSTEMPATH\Database\BaseConnection.php(636): CodeIgniter\Database\BaseConnection->simpleQuery('INSERT INTO `juego` (`plataforma`, `titulo`, `precio`, `rebaja`, `stock`, `formato`, `imagen`) VALUES (\'PlayStation 4\', \'juegomio\', \'4\', \'3\', \'44\', \'0\', \'1714929568_d9346218a866c9bc255a.webp\')')
 4 SYSTEMPATH\Database\BaseBuilder.php(2325): CodeIgniter\Database\BaseConnection->query('INSERT INTO `juego` (`plataforma`, `titulo`, `precio`, `rebaja`, `stock`, `formato`, `imagen`) VALUES (:plataforma:, :titulo:, :precio:, :rebaja:, :stock:, :formato:, :imagen:)', [...], false)
 5 SYSTEMPATH\Model.php(383): CodeIgniter\Database\BaseBuilder->insert()
 6 SYSTEMPATH\BaseModel.php(840): CodeIgniter\Model->doInsert([...])
 7 SYSTEMPATH\Model.php(791): CodeIgniter\BaseModel->insert([...], true)
 8 APPPATH\Models\GameModel.php(28): CodeIgniter\Model->insert([...])
 9 APPPATH\Controllers\GameController.php(59): App\Models\GameModel->insertGame([...])
10 SYSTEMPATH\CodeIgniter.php(933): App\Controllers\GameController->create()
11 SYSTEMPATH\CodeIgniter.php(509): CodeIgniter\CodeIgniter->runController(Object(App\Controllers\GameController))
12 SYSTEMPATH\CodeIgniter.php(355): CodeIgniter\CodeIgniter->handleRequest(null, Object(Config\Cache), false)
13 SYSTEMPATH\Boot.php(312): CodeIgniter\CodeIgniter->run()
14 SYSTEMPATH\Boot.php(67): CodeIgniter\Boot::runCodeIgniter(Object(CodeIgniter\CodeIgniter))
15 FCPATH\index.php(56): CodeIgniter\Boot::bootWeb(Object(Config\Paths))
16 SYSTEMPATH\Commands\Server\rewrite.php(49): require_once('C:\\Users\\jose1\\proyecto_amigo\\ci4-g4a\\public\\index.php')
ERROR - 2024-05-05 17:20:01 --> mysqli_sql_exception: Unknown column 'imagen' in 'field list' in C:\Users\jose1\proyecto_amigo\ci4-g4a\system\Database\MySQLi\Connection.php:308
Stack trace:
#0 C:\Users\jose1\proyecto_amigo\ci4-g4a\system\Database\MySQLi\Connection.php(308): mysqli->query('INSERT INTO `ju...', 0)
#1 C:\Users\jose1\proyecto_amigo\ci4-g4a\system\Database\BaseConnection.php(722): CodeIgniter\Database\MySQLi\Connection->execute('INSERT INTO `ju...')
#2 C:\Users\jose1\proyecto_amigo\ci4-g4a\system\Database\BaseConnection.php(636): CodeIgniter\Database\BaseConnection->simpleQuery('INSERT INTO `ju...')
#3 C:\Users\jose1\proyecto_amigo\ci4-g4a\system\Database\BaseBuilder.php(2325): CodeIgniter\Database\BaseConnection->query('INSERT INTO `ju...', Array, false)
#4 C:\Users\jose1\proyecto_amigo\ci4-g4a\system\Model.php(383): CodeIgniter\Database\BaseBuilder->insert()
#5 C:\Users\jose1\proyecto_amigo\ci4-g4a\system\BaseModel.php(840): CodeIgniter\Model->doInsert(Array)
#6 C:\Users\jose1\proyecto_amigo\ci4-g4a\system\Model.php(791): CodeIgniter\BaseModel->insert(Array, true)
#7 C:\Users\jose1\proyecto_amigo\ci4-g4a\app\Models\GameModel.php(28): CodeIgniter\Model->insert(Array)
#8 C:\Users\jose1\proyecto_amigo\ci4-g4a\app\Controllers\GameController.php(59): App\Models\GameModel->insertGame(Array)
#9 C:\Users\jose1\proyecto_amigo\ci4-g4a\system\CodeIgniter.php(933): App\Controllers\GameController->create()
#10 C:\Users\jose1\proyecto_amigo\ci4-g4a\system\CodeIgniter.php(509): CodeIgniter\CodeIgniter->runController(Object(App\Controllers\GameController))
#11 C:\Users\jose1\proyecto_amigo\ci4-g4a\system\CodeIgniter.php(355): CodeIgniter\CodeIgniter->handleRequest(NULL, Object(Config\Cache), false)
#12 C:\Users\jose1\proyecto_amigo\ci4-g4a\system\Boot.php(312): CodeIgniter\CodeIgniter->run()
#13 C:\Users\jose1\proyecto_amigo\ci4-g4a\system\Boot.php(67): CodeIgniter\Boot::runCodeIgniter(Object(CodeIgniter\CodeIgniter))
#14 C:\Users\jose1\proyecto_amigo\ci4-g4a\public\index.php(56): CodeIgniter\Boot::bootWeb(Object(Config\Paths))
#15 C:\Users\jose1\proyecto_amigo\ci4-g4a\system\Commands\Server\rewrite.php(49): require_once('C:\\Users\\jose1\\...')
#16 {main}
CRITICAL - 2024-05-05 17:20:01 --> CodeIgniter\Database\Exceptions\DatabaseException: Unknown column 'imagen' in 'field list'
[Method: POST, Route: games/create]
in SYSTEMPATH\Database\BaseConnection.php on line 676.
 1 SYSTEMPATH\Database\BaseBuilder.php(2325): CodeIgniter\Database\BaseConnection->query('INSERT INTO `juego` (`plataforma`, `titulo`, `precio`, `rebaja`, `stock`, `formato`, `imagen`) VALUES (:plataforma:, :titulo:, :precio:, :rebaja:, :stock:, :formato:, :imagen:)', [...], false)
 2 SYSTEMPATH\Model.php(383): CodeIgniter\Database\BaseBuilder->insert()
 3 SYSTEMPATH\BaseModel.php(840): CodeIgniter\Model->doInsert([...])
 4 SYSTEMPATH\Model.php(791): CodeIgniter\BaseModel->insert([...], true)
 5 APPPATH\Models\GameModel.php(28): CodeIgniter\Model->insert([...])
 6 APPPATH\Controllers\GameController.php(59): App\Models\GameModel->insertGame([...])
 7 SYSTEMPATH\CodeIgniter.php(933): App\Controllers\GameController->create()
 8 SYSTEMPATH\CodeIgniter.php(509): CodeIgniter\CodeIgniter->runController(Object(App\Controllers\GameController))
 9 SYSTEMPATH\CodeIgniter.php(355): CodeIgniter\CodeIgniter->handleRequest(null, Object(Config\Cache), false)
10 SYSTEMPATH\Boot.php(312): CodeIgniter\CodeIgniter->run()
11 SYSTEMPATH\Boot.php(67): CodeIgniter\Boot::runCodeIgniter(Object(CodeIgniter\CodeIgniter))
12 FCPATH\index.php(56): CodeIgniter\Boot::bootWeb(Object(Config\Paths))
13 SYSTEMPATH\Commands\Server\rewrite.php(49): require_once('C:\\Users\\jose1\\proyecto_amigo\\ci4-g4a\\public\\index.php')
CRITICAL - 2024-05-05 17:20:01 --> [Caused by] CodeIgniter\Database\Exceptions\DatabaseException: Unknown column 'imagen' in 'field list'
in SYSTEMPATH\Database\MySQLi\Connection.php on line 313.
 1 SYSTEMPATH\Database\BaseConnection.php(722): CodeIgniter\Database\MySQLi\Connection->execute('INSERT INTO `juego` (`plataforma`, `titulo`, `precio`, `rebaja`, `stock`, `formato`, `imagen`) VALUES (\'PlayStation 4\', \'juegomio\', \'4\', \'3\', \'44\', \'0\', \'1714929601_8a3d9906f45bffb548c1.webp\')')
 2 SYSTEMPATH\Database\BaseConnection.php(636): CodeIgniter\Database\BaseConnection->simpleQuery('INSERT INTO `juego` (`plataforma`, `titulo`, `precio`, `rebaja`, `stock`, `formato`, `imagen`) VALUES (\'PlayStation 4\', \'juegomio\', \'4\', \'3\', \'44\', \'0\', \'1714929601_8a3d9906f45bffb548c1.webp\')')
 3 SYSTEMPATH\Database\BaseBuilder.php(2325): CodeIgniter\Database\BaseConnection->query('INSERT INTO `juego` (`plataforma`, `titulo`, `precio`, `rebaja`, `stock`, `formato`, `imagen`) VALUES (:plataforma:, :titulo:, :precio:, :rebaja:, :stock:, :formato:, :imagen:)', [...], false)
 4 SYSTEMPATH\Model.php(383): CodeIgniter\Database\BaseBuilder->insert()
 5 SYSTEMPATH\BaseModel.php(840): CodeIgniter\Model->doInsert([...])
 6 SYSTEMPATH\Model.php(791): CodeIgniter\BaseModel->insert([...], true)
 7 APPPATH\Models\GameModel.php(28): CodeIgniter\Model->insert([...])
 8 APPPATH\Controllers\GameController.php(59): App\Models\GameModel->insertGame([...])
 9 SYSTEMPATH\CodeIgniter.php(933): App\Controllers\GameController->create()
10 SYSTEMPATH\CodeIgniter.php(509): CodeIgniter\CodeIgniter->runController(Object(App\Controllers\GameController))
11 SYSTEMPATH\CodeIgniter.php(355): CodeIgniter\CodeIgniter->handleRequest(null, Object(Config\Cache), false)
12 SYSTEMPATH\Boot.php(312): CodeIgniter\CodeIgniter->run()
13 SYSTEMPATH\Boot.php(67): CodeIgniter\Boot::runCodeIgniter(Object(CodeIgniter\CodeIgniter))
14 FCPATH\index.php(56): CodeIgniter\Boot::bootWeb(Object(Config\Paths))
15 SYSTEMPATH\Commands\Server\rewrite.php(49): require_once('C:\\Users\\jose1\\proyecto_amigo\\ci4-g4a\\public\\index.php')
CRITICAL - 2024-05-05 17:20:01 --> [Caused by] mysqli_sql_exception: Unknown column 'imagen' in 'field list'
in SYSTEMPATH\Database\MySQLi\Connection.php on line 308.
 1 SYSTEMPATH\Database\MySQLi\Connection.php(308): mysqli->query('INSERT INTO `juego` (`plataforma`, `titulo`, `precio`, `rebaja`, `stock`, `formato`, `imagen`) VALUES (\'PlayStation 4\', \'juegomio\', \'4\', \'3\', \'44\', \'0\', \'1714929601_8a3d9906f45bffb548c1.webp\')', 0)
 2 SYSTEMPATH\Database\BaseConnection.php(722): CodeIgniter\Database\MySQLi\Connection->execute('INSERT INTO `juego` (`plataforma`, `titulo`, `precio`, `rebaja`, `stock`, `formato`, `imagen`) VALUES (\'PlayStation 4\', \'juegomio\', \'4\', \'3\', \'44\', \'0\', \'1714929601_8a3d9906f45bffb548c1.webp\')')
 3 SYSTEMPATH\Database\BaseConnection.php(636): CodeIgniter\Database\BaseConnection->simpleQuery('INSERT INTO `juego` (`plataforma`, `titulo`, `precio`, `rebaja`, `stock`, `formato`, `imagen`) VALUES (\'PlayStation 4\', \'juegomio\', \'4\', \'3\', \'44\', \'0\', \'1714929601_8a3d9906f45bffb548c1.webp\')')
 4 SYSTEMPATH\Database\BaseBuilder.php(2325): CodeIgniter\Database\BaseConnection->query('INSERT INTO `juego` (`plataforma`, `titulo`, `precio`, `rebaja`, `stock`, `formato`, `imagen`) VALUES (:plataforma:, :titulo:, :precio:, :rebaja:, :stock:, :formato:, :imagen:)', [...], false)
 5 SYSTEMPATH\Model.php(383): CodeIgniter\Database\BaseBuilder->insert()
 6 SYSTEMPATH\BaseModel.php(840): CodeIgniter\Model->doInsert([...])
 7 SYSTEMPATH\Model.php(791): CodeIgniter\BaseModel->insert([...], true)
 8 APPPATH\Models\GameModel.php(28): CodeIgniter\Model->insert([...])
 9 APPPATH\Controllers\GameController.php(59): App\Models\GameModel->insertGame([...])
10 SYSTEMPATH\CodeIgniter.php(933): App\Controllers\GameController->create()
11 SYSTEMPATH\CodeIgniter.php(509): CodeIgniter\CodeIgniter->runController(Object(App\Controllers\GameController))
12 SYSTEMPATH\CodeIgniter.php(355): CodeIgniter\CodeIgniter->handleRequest(null, Object(Config\Cache), false)
13 SYSTEMPATH\Boot.php(312): CodeIgniter\CodeIgniter->run()
14 SYSTEMPATH\Boot.php(67): CodeIgniter\Boot::runCodeIgniter(Object(CodeIgniter\CodeIgniter))
15 FCPATH\index.php(56): CodeIgniter\Boot::bootWeb(Object(Config\Paths))
16 SYSTEMPATH\Commands\Server\rewrite.php(49): require_once('C:\\Users\\jose1\\proyecto_amigo\\ci4-g4a\\public\\index.php')
ERROR - 2024-05-05 17:21:36 --> mysqli_sql_exception: Unknown column 'imagen' in 'field list' in C:\Users\jose1\proyecto_amigo\ci4-g4a\system\Database\MySQLi\Connection.php:308
Stack trace:
#0 C:\Users\jose1\proyecto_amigo\ci4-g4a\system\Database\MySQLi\Connection.php(308): mysqli->query('INSERT INTO `ju...', 0)
#1 C:\Users\jose1\proyecto_amigo\ci4-g4a\system\Database\BaseConnection.php(722): CodeIgniter\Database\MySQLi\Connection->execute('INSERT INTO `ju...')
#2 C:\Users\jose1\proyecto_amigo\ci4-g4a\system\Database\BaseConnection.php(636): CodeIgniter\Database\BaseConnection->simpleQuery('INSERT INTO `ju...')
#3 C:\Users\jose1\proyecto_amigo\ci4-g4a\system\Database\BaseBuilder.php(2325): CodeIgniter\Database\BaseConnection->query('INSERT INTO `ju...', Array, false)
#4 C:\Users\jose1\proyecto_amigo\ci4-g4a\system\Model.php(383): CodeIgniter\Database\BaseBuilder->insert()
#5 C:\Users\jose1\proyecto_amigo\ci4-g4a\system\BaseModel.php(840): CodeIgniter\Model->doInsert(Array)
#6 C:\Users\jose1\proyecto_amigo\ci4-g4a\system\Model.php(791): CodeIgniter\BaseModel->insert(Array, true)
#7 C:\Users\jose1\proyecto_amigo\ci4-g4a\app\Models\GameModel.php(28): CodeIgniter\Model->insert(Array)
#8 C:\Users\jose1\proyecto_amigo\ci4-g4a\app\Controllers\GameController.php(59): App\Models\GameModel->insertGame(Array)
#9 C:\Users\jose1\proyecto_amigo\ci4-g4a\system\CodeIgniter.php(933): App\Controllers\GameController->create()
#10 C:\Users\jose1\proyecto_amigo\ci4-g4a\system\CodeIgniter.php(509): CodeIgniter\CodeIgniter->runController(Object(App\Controllers\GameController))
#11 C:\Users\jose1\proyecto_amigo\ci4-g4a\system\CodeIgniter.php(355): CodeIgniter\CodeIgniter->handleRequest(NULL, Object(Config\Cache), false)
#12 C:\Users\jose1\proyecto_amigo\ci4-g4a\system\Boot.php(312): CodeIgniter\CodeIgniter->run()
#13 C:\Users\jose1\proyecto_amigo\ci4-g4a\system\Boot.php(67): CodeIgniter\Boot::runCodeIgniter(Object(CodeIgniter\CodeIgniter))
#14 C:\Users\jose1\proyecto_amigo\ci4-g4a\public\index.php(56): CodeIgniter\Boot::bootWeb(Object(Config\Paths))
#15 C:\Users\jose1\proyecto_amigo\ci4-g4a\system\Commands\Server\rewrite.php(49): require_once('C:\\Users\\jose1\\...')
#16 {main}
CRITICAL - 2024-05-05 17:21:36 --> CodeIgniter\Database\Exceptions\DatabaseException: Unknown column 'imagen' in 'field list'
[Method: POST, Route: games/create]
in SYSTEMPATH\Database\BaseConnection.php on line 676.
 1 SYSTEMPATH\Database\BaseBuilder.php(2325): CodeIgniter\Database\BaseConnection->query('INSERT INTO `juego` (`plataforma`, `titulo`, `precio`, `rebaja`, `stock`, `formato`, `imagen`) VALUES (:plataforma:, :titulo:, :precio:, :rebaja:, :stock:, :formato:, :imagen:)', [...], false)
 2 SYSTEMPATH\Model.php(383): CodeIgniter\Database\BaseBuilder->insert()
 3 SYSTEMPATH\BaseModel.php(840): CodeIgniter\Model->doInsert([...])
 4 SYSTEMPATH\Model.php(791): CodeIgniter\BaseModel->insert([...], true)
 5 APPPATH\Models\GameModel.php(28): CodeIgniter\Model->insert([...])
 6 APPPATH\Controllers\GameController.php(59): App\Models\GameModel->insertGame([...])
 7 SYSTEMPATH\CodeIgniter.php(933): App\Controllers\GameController->create()
 8 SYSTEMPATH\CodeIgniter.php(509): CodeIgniter\CodeIgniter->runController(Object(App\Controllers\GameController))
 9 SYSTEMPATH\CodeIgniter.php(355): CodeIgniter\CodeIgniter->handleRequest(null, Object(Config\Cache), false)
10 SYSTEMPATH\Boot.php(312): CodeIgniter\CodeIgniter->run()
11 SYSTEMPATH\Boot.php(67): CodeIgniter\Boot::runCodeIgniter(Object(CodeIgniter\CodeIgniter))
12 FCPATH\index.php(56): CodeIgniter\Boot::bootWeb(Object(Config\Paths))
13 SYSTEMPATH\Commands\Server\rewrite.php(49): require_once('C:\\Users\\jose1\\proyecto_amigo\\ci4-g4a\\public\\index.php')
CRITICAL - 2024-05-05 17:21:36 --> [Caused by] CodeIgniter\Database\Exceptions\DatabaseException: Unknown column 'imagen' in 'field list'
in SYSTEMPATH\Database\MySQLi\Connection.php on line 313.
 1 SYSTEMPATH\Database\BaseConnection.php(722): CodeIgniter\Database\MySQLi\Connection->execute('INSERT INTO `juego` (`plataforma`, `titulo`, `precio`, `rebaja`, `stock`, `formato`, `imagen`) VALUES (\'Xbox Series\', \'juegomio\', \'2\', \'1\', \'1\', \'0\', \'juegomio.png\')')
 2 SYSTEMPATH\Database\BaseConnection.php(636): CodeIgniter\Database\BaseConnection->simpleQuery('INSERT INTO `juego` (`plataforma`, `titulo`, `precio`, `rebaja`, `stock`, `formato`, `imagen`) VALUES (\'Xbox Series\', \'juegomio\', \'2\', \'1\', \'1\', \'0\', \'juegomio.png\')')
 3 SYSTEMPATH\Database\BaseBuilder.php(2325): CodeIgniter\Database\BaseConnection->query('INSERT INTO `juego` (`plataforma`, `titulo`, `precio`, `rebaja`, `stock`, `formato`, `imagen`) VALUES (:plataforma:, :titulo:, :precio:, :rebaja:, :stock:, :formato:, :imagen:)', [...], false)
 4 SYSTEMPATH\Model.php(383): CodeIgniter\Database\BaseBuilder->insert()
 5 SYSTEMPATH\BaseModel.php(840): CodeIgniter\Model->doInsert([...])
 6 SYSTEMPATH\Model.php(791): CodeIgniter\BaseModel->insert([...], true)
 7 APPPATH\Models\GameModel.php(28): CodeIgniter\Model->insert([...])
 8 APPPATH\Controllers\GameController.php(59): App\Models\GameModel->insertGame([...])
 9 SYSTEMPATH\CodeIgniter.php(933): App\Controllers\GameController->create()
10 SYSTEMPATH\CodeIgniter.php(509): CodeIgniter\CodeIgniter->runController(Object(App\Controllers\GameController))
11 SYSTEMPATH\CodeIgniter.php(355): CodeIgniter\CodeIgniter->handleRequest(null, Object(Config\Cache), false)
12 SYSTEMPATH\Boot.php(312): CodeIgniter\CodeIgniter->run()
13 SYSTEMPATH\Boot.php(67): CodeIgniter\Boot::runCodeIgniter(Object(CodeIgniter\CodeIgniter))
14 FCPATH\index.php(56): CodeIgniter\Boot::bootWeb(Object(Config\Paths))
15 SYSTEMPATH\Commands\Server\rewrite.php(49): require_once('C:\\Users\\jose1\\proyecto_amigo\\ci4-g4a\\public\\index.php')
CRITICAL - 2024-05-05 17:21:36 --> [Caused by] mysqli_sql_exception: Unknown column 'imagen' in 'field list'
in SYSTEMPATH\Database\MySQLi\Connection.php on line 308.
 1 SYSTEMPATH\Database\MySQLi\Connection.php(308): mysqli->query('INSERT INTO `juego` (`plataforma`, `titulo`, `precio`, `rebaja`, `stock`, `formato`, `imagen`) VALUES (\'Xbox Series\', \'juegomio\', \'2\', \'1\', \'1\', \'0\', \'juegomio.png\')', 0)
 2 SYSTEMPATH\Database\BaseConnection.php(722): CodeIgniter\Database\MySQLi\Connection->execute('INSERT INTO `juego` (`plataforma`, `titulo`, `precio`, `rebaja`, `stock`, `formato`, `imagen`) VALUES (\'Xbox Series\', \'juegomio\', \'2\', \'1\', \'1\', \'0\', \'juegomio.png\')')
 3 SYSTEMPATH\Database\BaseConnection.php(636): CodeIgniter\Database\BaseConnection->simpleQuery('INSERT INTO `juego` (`plataforma`, `titulo`, `precio`, `rebaja`, `stock`, `formato`, `imagen`) VALUES (\'Xbox Series\', \'juegomio\', \'2\', \'1\', \'1\', \'0\', \'juegomio.png\')')
 4 SYSTEMPATH\Database\BaseBuilder.php(2325): CodeIgniter\Database\BaseConnection->query('INSERT INTO `juego` (`plataforma`, `titulo`, `precio`, `rebaja`, `stock`, `formato`, `imagen`) VALUES (:plataforma:, :titulo:, :precio:, :rebaja:, :stock:, :formato:, :imagen:)', [...], false)
 5 SYSTEMPATH\Model.php(383): CodeIgniter\Database\BaseBuilder->insert()
 6 SYSTEMPATH\BaseModel.php(840): CodeIgniter\Model->doInsert([...])
 7 SYSTEMPATH\Model.php(791): CodeIgniter\BaseModel->insert([...], true)
 8 APPPATH\Models\GameModel.php(28): CodeIgniter\Model->insert([...])
 9 APPPATH\Controllers\GameController.php(59): App\Models\GameModel->insertGame([...])
10 SYSTEMPATH\CodeIgniter.php(933): App\Controllers\GameController->create()
11 SYSTEMPATH\CodeIgniter.php(509): CodeIgniter\CodeIgniter->runController(Object(App\Controllers\GameController))
12 SYSTEMPATH\CodeIgniter.php(355): CodeIgniter\CodeIgniter->handleRequest(null, Object(Config\Cache), false)
13 SYSTEMPATH\Boot.php(312): CodeIgniter\CodeIgniter->run()
14 SYSTEMPATH\Boot.php(67): CodeIgniter\Boot::runCodeIgniter(Object(CodeIgniter\CodeIgniter))
15 FCPATH\index.php(56): CodeIgniter\Boot::bootWeb(Object(Config\Paths))
16 SYSTEMPATH\Commands\Server\rewrite.php(49): require_once('C:\\Users\\jose1\\proyecto_amigo\\ci4-g4a\\public\\index.php')
ERROR - 2024-05-05 17:22:46 --> mysqli_sql_exception: Unknown column 'imagen' in 'field list' in C:\Users\jose1\proyecto_amigo\ci4-g4a\system\Database\MySQLi\Connection.php:308
Stack trace:
#0 C:\Users\jose1\proyecto_amigo\ci4-g4a\system\Database\MySQLi\Connection.php(308): mysqli->query('INSERT INTO `ju...', 0)
#1 C:\Users\jose1\proyecto_amigo\ci4-g4a\system\Database\BaseConnection.php(722): CodeIgniter\Database\MySQLi\Connection->execute('INSERT INTO `ju...')
#2 C:\Users\jose1\proyecto_amigo\ci4-g4a\system\Database\BaseConnection.php(636): CodeIgniter\Database\BaseConnection->simpleQuery('INSERT INTO `ju...')
#3 C:\Users\jose1\proyecto_amigo\ci4-g4a\system\Database\BaseBuilder.php(2325): CodeIgniter\Database\BaseConnection->query('INSERT INTO `ju...', Array, false)
#4 C:\Users\jose1\proyecto_amigo\ci4-g4a\system\Model.php(383): CodeIgniter\Database\BaseBuilder->insert()
#5 C:\Users\jose1\proyecto_amigo\ci4-g4a\system\BaseModel.php(840): CodeIgniter\Model->doInsert(Array)
#6 C:\Users\jose1\proyecto_amigo\ci4-g4a\system\Model.php(791): CodeIgniter\BaseModel->insert(Array, true)
#7 C:\Users\jose1\proyecto_amigo\ci4-g4a\app\Models\GameModel.php(28): CodeIgniter\Model->insert(Array)
#8 C:\Users\jose1\proyecto_amigo\ci4-g4a\app\Controllers\GameController.php(59): App\Models\GameModel->insertGame(Array)
#9 C:\Users\jose1\proyecto_amigo\ci4-g4a\system\CodeIgniter.php(933): App\Controllers\GameController->create()
#10 C:\Users\jose1\proyecto_amigo\ci4-g4a\system\CodeIgniter.php(509): CodeIgniter\CodeIgniter->runController(Object(App\Controllers\GameController))
#11 C:\Users\jose1\proyecto_amigo\ci4-g4a\system\CodeIgniter.php(355): CodeIgniter\CodeIgniter->handleRequest(NULL, Object(Config\Cache), false)
#12 C:\Users\jose1\proyecto_amigo\ci4-g4a\system\Boot.php(312): CodeIgniter\CodeIgniter->run()
#13 C:\Users\jose1\proyecto_amigo\ci4-g4a\system\Boot.php(67): CodeIgniter\Boot::runCodeIgniter(Object(CodeIgniter\CodeIgniter))
#14 C:\Users\jose1\proyecto_amigo\ci4-g4a\public\index.php(56): CodeIgniter\Boot::bootWeb(Object(Config\Paths))
#15 C:\Users\jose1\proyecto_amigo\ci4-g4a\system\Commands\Server\rewrite.php(49): require_once('C:\\Users\\jose1\\...')
#16 {main}
CRITICAL - 2024-05-05 17:22:46 --> CodeIgniter\Database\Exceptions\DatabaseException: Unknown column 'imagen' in 'field list'
[Method: POST, Route: games/create]
in SYSTEMPATH\Database\BaseConnection.php on line 676.
 1 SYSTEMPATH\Database\BaseBuilder.php(2325): CodeIgniter\Database\BaseConnection->query('INSERT INTO `juego` (`plataforma`, `titulo`, `precio`, `rebaja`, `stock`, `formato`, `imagen`) VALUES (:plataforma:, :titulo:, :precio:, :rebaja:, :stock:, :formato:, :imagen:)', [...], false)
 2 SYSTEMPATH\Model.php(383): CodeIgniter\Database\BaseBuilder->insert()
 3 SYSTEMPATH\BaseModel.php(840): CodeIgniter\Model->doInsert([...])
 4 SYSTEMPATH\Model.php(791): CodeIgniter\BaseModel->insert([...], true)
 5 APPPATH\Models\GameModel.php(28): CodeIgniter\Model->insert([...])
 6 APPPATH\Controllers\GameController.php(59): App\Models\GameModel->insertGame([...])
 7 SYSTEMPATH\CodeIgniter.php(933): App\Controllers\GameController->create()
 8 SYSTEMPATH\CodeIgniter.php(509): CodeIgniter\CodeIgniter->runController(Object(App\Controllers\GameController))
 9 SYSTEMPATH\CodeIgniter.php(355): CodeIgniter\CodeIgniter->handleRequest(null, Object(Config\Cache), false)
10 SYSTEMPATH\Boot.php(312): CodeIgniter\CodeIgniter->run()
11 SYSTEMPATH\Boot.php(67): CodeIgniter\Boot::runCodeIgniter(Object(CodeIgniter\CodeIgniter))
12 FCPATH\index.php(56): CodeIgniter\Boot::bootWeb(Object(Config\Paths))
13 SYSTEMPATH\Commands\Server\rewrite.php(49): require_once('C:\\Users\\jose1\\proyecto_amigo\\ci4-g4a\\public\\index.php')
CRITICAL - 2024-05-05 17:22:46 --> [Caused by] CodeIgniter\Database\Exceptions\DatabaseException: Unknown column 'imagen' in 'field list'
in SYSTEMPATH\Database\MySQLi\Connection.php on line 313.
 1 SYSTEMPATH\Database\BaseConnection.php(722): CodeIgniter\Database\MySQLi\Connection->execute('INSERT INTO `juego` (`plataforma`, `titulo`, `precio`, `rebaja`, `stock`, `formato`, `imagen`) VALUES (\'Xbox Series\', \'juegomioww\', \'2\', \'1\', \'1\', \'0\', \'1714929766_70bb6b2cb703ded2ba52.jpeg\')')
 2 SYSTEMPATH\Database\BaseConnection.php(636): CodeIgniter\Database\BaseConnection->simpleQuery('INSERT INTO `juego` (`plataforma`, `titulo`, `precio`, `rebaja`, `stock`, `formato`, `imagen`) VALUES (\'Xbox Series\', \'juegomioww\', \'2\', \'1\', \'1\', \'0\', \'1714929766_70bb6b2cb703ded2ba52.jpeg\')')
 3 SYSTEMPATH\Database\BaseBuilder.php(2325): CodeIgniter\Database\BaseConnection->query('INSERT INTO `juego` (`plataforma`, `titulo`, `precio`, `rebaja`, `stock`, `formato`, `imagen`) VALUES (:plataforma:, :titulo:, :precio:, :rebaja:, :stock:, :formato:, :imagen:)', [...], false)
 4 SYSTEMPATH\Model.php(383): CodeIgniter\Database\BaseBuilder->insert()
 5 SYSTEMPATH\BaseModel.php(840): CodeIgniter\Model->doInsert([...])
 6 SYSTEMPATH\Model.php(791): CodeIgniter\BaseModel->insert([...], true)
 7 APPPATH\Models\GameModel.php(28): CodeIgniter\Model->insert([...])
 8 APPPATH\Controllers\GameController.php(59): App\Models\GameModel->insertGame([...])
 9 SYSTEMPATH\CodeIgniter.php(933): App\Controllers\GameController->create()
10 SYSTEMPATH\CodeIgniter.php(509): CodeIgniter\CodeIgniter->runController(Object(App\Controllers\GameController))
11 SYSTEMPATH\CodeIgniter.php(355): CodeIgniter\CodeIgniter->handleRequest(null, Object(Config\Cache), false)
12 SYSTEMPATH\Boot.php(312): CodeIgniter\CodeIgniter->run()
13 SYSTEMPATH\Boot.php(67): CodeIgniter\Boot::runCodeIgniter(Object(CodeIgniter\CodeIgniter))
14 FCPATH\index.php(56): CodeIgniter\Boot::bootWeb(Object(Config\Paths))
15 SYSTEMPATH\Commands\Server\rewrite.php(49): require_once('C:\\Users\\jose1\\proyecto_amigo\\ci4-g4a\\public\\index.php')
CRITICAL - 2024-05-05 17:22:46 --> [Caused by] mysqli_sql_exception: Unknown column 'imagen' in 'field list'
in SYSTEMPATH\Database\MySQLi\Connection.php on line 308.
 1 SYSTEMPATH\Database\MySQLi\Connection.php(308): mysqli->query('INSERT INTO `juego` (`plataforma`, `titulo`, `precio`, `rebaja`, `stock`, `formato`, `imagen`) VALUES (\'Xbox Series\', \'juegomioww\', \'2\', \'1\', \'1\', \'0\', \'1714929766_70bb6b2cb703ded2ba52.jpeg\')', 0)
 2 SYSTEMPATH\Database\BaseConnection.php(722): CodeIgniter\Database\MySQLi\Connection->execute('INSERT INTO `juego` (`plataforma`, `titulo`, `precio`, `rebaja`, `stock`, `formato`, `imagen`) VALUES (\'Xbox Series\', \'juegomioww\', \'2\', \'1\', \'1\', \'0\', \'1714929766_70bb6b2cb703ded2ba52.jpeg\')')
 3 SYSTEMPATH\Database\BaseConnection.php(636): CodeIgniter\Database\BaseConnection->simpleQuery('INSERT INTO `juego` (`plataforma`, `titulo`, `precio`, `rebaja`, `stock`, `formato`, `imagen`) VALUES (\'Xbox Series\', \'juegomioww\', \'2\', \'1\', \'1\', \'0\', \'1714929766_70bb6b2cb703ded2ba52.jpeg\')')
 4 SYSTEMPATH\Database\BaseBuilder.php(2325): CodeIgniter\Database\BaseConnection->query('INSERT INTO `juego` (`plataforma`, `titulo`, `precio`, `rebaja`, `stock`, `formato`, `imagen`) VALUES (:plataforma:, :titulo:, :precio:, :rebaja:, :stock:, :formato:, :imagen:)', [...], false)
 5 SYSTEMPATH\Model.php(383): CodeIgniter\Database\BaseBuilder->insert()
 6 SYSTEMPATH\BaseModel.php(840): CodeIgniter\Model->doInsert([...])
 7 SYSTEMPATH\Model.php(791): CodeIgniter\BaseModel->insert([...], true)
 8 APPPATH\Models\GameModel.php(28): CodeIgniter\Model->insert([...])
 9 APPPATH\Controllers\GameController.php(59): App\Models\GameModel->insertGame([...])
10 SYSTEMPATH\CodeIgniter.php(933): App\Controllers\GameController->create()
11 SYSTEMPATH\CodeIgniter.php(509): CodeIgniter\CodeIgniter->runController(Object(App\Controllers\GameController))
12 SYSTEMPATH\CodeIgniter.php(355): CodeIgniter\CodeIgniter->handleRequest(null, Object(Config\Cache), false)
13 SYSTEMPATH\Boot.php(312): CodeIgniter\CodeIgniter->run()
14 SYSTEMPATH\Boot.php(67): CodeIgniter\Boot::runCodeIgniter(Object(CodeIgniter\CodeIgniter))
15 FCPATH\index.php(56): CodeIgniter\Boot::bootWeb(Object(Config\Paths))
16 SYSTEMPATH\Commands\Server\rewrite.php(49): require_once('C:\\Users\\jose1\\proyecto_amigo\\ci4-g4a\\public\\index.php')
ERROR - 2024-05-05 17:30:30 --> mysqli_sql_exception: Unknown column 'id_info' in 'field list' in C:\Users\jose1\proyecto_amigo\ci4-g4a\system\Database\MySQLi\Connection.php:308
Stack trace:
#0 C:\Users\jose1\proyecto_amigo\ci4-g4a\system\Database\MySQLi\Connection.php(308): mysqli->query('INSERT INTO `ju...', 0)
#1 C:\Users\jose1\proyecto_amigo\ci4-g4a\system\Database\BaseConnection.php(722): CodeIgniter\Database\MySQLi\Connection->execute('INSERT INTO `ju...')
#2 C:\Users\jose1\proyecto_amigo\ci4-g4a\system\Database\BaseConnection.php(636): CodeIgniter\Database\BaseConnection->simpleQuery('INSERT INTO `ju...')
#3 C:\Users\jose1\proyecto_amigo\ci4-g4a\system\Database\BaseBuilder.php(2325): CodeIgniter\Database\BaseConnection->query('INSERT INTO `ju...', Array, false)
#4 C:\Users\jose1\proyecto_amigo\ci4-g4a\system\Model.php(383): CodeIgniter\Database\BaseBuilder->insert()
#5 C:\Users\jose1\proyecto_amigo\ci4-g4a\system\BaseModel.php(840): CodeIgniter\Model->doInsert(Array)
#6 C:\Users\jose1\proyecto_amigo\ci4-g4a\system\Model.php(791): CodeIgniter\BaseModel->insert(Array, true)
#7 C:\Users\jose1\proyecto_amigo\ci4-g4a\app\Models\GameModel.php(58): CodeIgniter\Model->insert(Array)
#8 C:\Users\jose1\proyecto_amigo\ci4-g4a\app\Controllers\GameController.php(35): App\Models\GameModel->insertGame(Array)
#9 C:\Users\jose1\proyecto_amigo\ci4-g4a\system\CodeIgniter.php(933): App\Controllers\GameController->create()
#10 C:\Users\jose1\proyecto_amigo\ci4-g4a\system\CodeIgniter.php(509): CodeIgniter\CodeIgniter->runController(Object(App\Controllers\GameController))
#11 C:\Users\jose1\proyecto_amigo\ci4-g4a\system\CodeIgniter.php(355): CodeIgniter\CodeIgniter->handleRequest(NULL, Object(Config\Cache), false)
#12 C:\Users\jose1\proyecto_amigo\ci4-g4a\system\Boot.php(312): CodeIgniter\CodeIgniter->run()
#13 C:\Users\jose1\proyecto_amigo\ci4-g4a\system\Boot.php(67): CodeIgniter\Boot::runCodeIgniter(Object(CodeIgniter\CodeIgniter))
#14 C:\Users\jose1\proyecto_amigo\ci4-g4a\public\index.php(56): CodeIgniter\Boot::bootWeb(Object(Config\Paths))
#15 C:\Users\jose1\proyecto_amigo\ci4-g4a\system\Commands\Server\rewrite.php(49): require_once('C:\\Users\\jose1\\...')
#16 {main}
ERROR - 2024-05-05 17:31:04 --> mysqli_sql_exception: Unknown column 'id_info' in 'field list' in C:\Users\jose1\proyecto_amigo\ci4-g4a\system\Database\MySQLi\Connection.php:308
Stack trace:
#0 C:\Users\jose1\proyecto_amigo\ci4-g4a\system\Database\MySQLi\Connection.php(308): mysqli->query('INSERT INTO `ju...', 0)
#1 C:\Users\jose1\proyecto_amigo\ci4-g4a\system\Database\BaseConnection.php(722): CodeIgniter\Database\MySQLi\Connection->execute('INSERT INTO `ju...')
#2 C:\Users\jose1\proyecto_amigo\ci4-g4a\system\Database\BaseConnection.php(636): CodeIgniter\Database\BaseConnection->simpleQuery('INSERT INTO `ju...')
#3 C:\Users\jose1\proyecto_amigo\ci4-g4a\system\Database\BaseBuilder.php(2325): CodeIgniter\Database\BaseConnection->query('INSERT INTO `ju...', Array, false)
#4 C:\Users\jose1\proyecto_amigo\ci4-g4a\system\Model.php(383): CodeIgniter\Database\BaseBuilder->insert()
#5 C:\Users\jose1\proyecto_amigo\ci4-g4a\system\BaseModel.php(840): CodeIgniter\Model->doInsert(Array)
#6 C:\Users\jose1\proyecto_amigo\ci4-g4a\system\Model.php(791): CodeIgniter\BaseModel->insert(Array, true)
#7 C:\Users\jose1\proyecto_amigo\ci4-g4a\app\Models\GameModel.php(58): CodeIgniter\Model->insert(Array)
#8 C:\Users\jose1\proyecto_amigo\ci4-g4a\app\Controllers\GameController.php(35): App\Models\GameModel->insertGame(Array)
#9 C:\Users\jose1\proyecto_amigo\ci4-g4a\system\CodeIgniter.php(933): App\Controllers\GameController->create()
#10 C:\Users\jose1\proyecto_amigo\ci4-g4a\system\CodeIgniter.php(509): CodeIgniter\CodeIgniter->runController(Object(App\Controllers\GameController))
#11 C:\Users\jose1\proyecto_amigo\ci4-g4a\system\CodeIgniter.php(355): CodeIgniter\CodeIgniter->handleRequest(NULL, Object(Config\Cache), false)
#12 C:\Users\jose1\proyecto_amigo\ci4-g4a\system\Boot.php(312): CodeIgniter\CodeIgniter->run()
#13 C:\Users\jose1\proyecto_amigo\ci4-g4a\system\Boot.php(67): CodeIgniter\Boot::runCodeIgniter(Object(CodeIgniter\CodeIgniter))
#14 C:\Users\jose1\proyecto_amigo\ci4-g4a\public\index.php(56): CodeIgniter\Boot::bootWeb(Object(Config\Paths))
#15 C:\Users\jose1\proyecto_amigo\ci4-g4a\system\Commands\Server\rewrite.php(49): require_once('C:\\Users\\jose1\\...')
#16 {main}
